Component: ARM Compiler 5.06 update 1 (build 61) Tool: armlink [4d35a8]

==============================================================================

Section Cross References

    main.o(.text) refers to lcd.o(.text) for LCD_ShowString
    main.o(.text) refers to key.o(.text) for KEY_Scan
    main.o(.text) refers to os_q.o(.text) for OSQPost
    main.o(.text) refers to os_time.o(.text) for OSTimeDlyHMSM
    main.o(.text) refers to cpu_a.o(.text) for CPU_SR_Save
    main.o(.text) refers to os_core.o(.text) for OS_Sched0
    main.o(.text) refers to os_tmr.o(.text) for OSTmrStart
    main.o(.text) refers to cpu_core.o(.text) for CPU_Init
    main.o(.text) refers to os_stat.o(.text) for OSStatTaskCPUUsageInit
    main.o(.text) refers to os_task.o(.text) for OSTaskCreate
    main.o(.text) refers to main.o(.data) for tmr1_num
    main.o(.text) refers to main.o(.bss) for KEY_Msg
    main.o(.text) refers to lcd.o(.data) for POINT_COLOR
    main.o(.text) refers to os_var.o(.data) for OSSchedLockNestingCtr
    main.o(.text) refers to system_stm32f10x.o(.text) for SystemInit
    main.o(.text) refers to delay.o(.text) for delay_init
    main.o(.text) refers to misc.o(.text) for NVIC_PriorityGroupConfig
    main.o(.text) refers to usart.o(.text) for uart_init
    main.o(.text) refers to led.o(.text) for LED_Init
    system_stm32f10x.o(.text) refers to system_stm32f10x.o(.data) for SystemCoreClock
    led.o(.text) refers to stm32f10x_rcc.o(.text) for RCC_APB2PeriphClockCmd
    led.o(.text) refers to stm32f10x_gpio.o(.text) for GPIO_Init
    key.o(.text) refers to stm32f10x_rcc.o(.text) for RCC_APB2PeriphClockCmd
    key.o(.text) refers to stm32f10x_gpio.o(.text) for GPIO_Init
    key.o(.text) refers to delay.o(.text) for delay_ms
    key.o(.text) refers to key.o(.data) for key_up
    exti.o(.text) refers to stm32f10x_gpio.o(.text) for GPIO_PinRemapConfig
    exti.o(.text) refers to stm32f10x_rcc.o(.text) for RCC_APB2PeriphClockCmd
    exti.o(.text) refers to stm32f10x_exti.o(.text) for EXTI_Init
    exti.o(.text) refers to misc.o(.text) for NVIC_Init
    exti.o(.text) refers to delay.o(.text) for delay_ms
    wdg.o(.text) refers to stm32f10x_iwdg.o(.text) for IWDG_WriteAccessCmd
    wdg.o(.text) refers to misc.o(.text) for NVIC_Init
    wdg.o(.text) refers to stm32f10x_rcc.o(.text) for RCC_APB1PeriphClockCmd
    wdg.o(.text) refers to stm32f10x_wwdg.o(.text) for WWDG_SetPrescaler
    timer.o(.text) refers to stm32f10x_rcc.o(.text) for RCC_APB1PeriphClockCmd
    timer.o(.text) refers to stm32f10x_tim.o(.text) for TIM_TimeBaseInit
    timer.o(.text) refers to misc.o(.text) for NVIC_Init
    pwm.o(.text) refers to stm32f10x_rcc.o(.text) for RCC_APB1PeriphClockCmd
    pwm.o(.text) refers to stm32f10x_gpio.o(.text) for GPIO_Init
    pwm.o(.text) refers to stm32f10x_tim.o(.text) for TIM_TimeBaseInit
    lcd.o(.text) refers to _printf_percent.o(.ARM.Collect$$_printf_percent$$00000000) for _printf_percent
    lcd.o(.text) refers to _printf_x.o(.ARM.Collect$$_printf_percent$$0000000C) for _printf_x
    lcd.o(.text) refers to _printf_hex_int.o(.text) for _printf_longlong_hex
    lcd.o(.text) refers to delay.o(.text) for delay_us
    lcd.o(.text) refers to lcd.o(i.LCD_SetCursor) for LCD_SetCursor
    lcd.o(.text) refers to lcd.o(.data) for DeviceCode
    lcd.o(.text) refers to stm32f10x_rcc.o(.text) for RCC_APB2PeriphClockCmd
    lcd.o(.text) refers to stm32f10x_gpio.o(.text) for GPIO_PinRemapConfig
    lcd.o(.text) refers to noretval__2printf.o(.text) for __2printf
    lcd.o(.text) refers to lcd.o(.constdata) for asc2_1206
    delay.o(.text) refers to os_core.o(.text) for OSSchedLock
    delay.o(.text) refers to os_time.o(.text) for OSTimeDly
    delay.o(.text) refers to misc.o(.text) for SysTick_CLKSourceConfig
    delay.o(.text) refers to os_var.o(.data) for OSRunning
    delay.o(.text) refers to system_stm32f10x.o(.data) for SystemCoreClock
    delay.o(.text) refers to delay.o(.data) for fac_us
    delay.o(.text) refers to os_cfg_app.o(.constdata) for OSCfg_TickRate_Hz
    sys.o(.text) refers to misc.o(.text) for NVIC_PriorityGroupConfig
    usart.o(.text) refers (Special) to use_no_semi_2.o(.text) for __use_no_semihosting
    usart.o(.text) refers to stm32f10x_rcc.o(.text) for RCC_APB2PeriphClockCmd
    usart.o(.text) refers to stm32f10x_gpio.o(.text) for GPIO_Init
    usart.o(.text) refers to misc.o(.text) for NVIC_Init
    usart.o(.text) refers to stm32f10x_usart.o(.text) for USART_Init
    usart.o(.text) refers to os_core.o(.text) for OSIntEnter
    usart.o(.text) refers to usart.o(.data) for USART_RX_STA
    usart.o(.text) refers to usart.o(.bss) for USART_RX_BUF
    usart.o(.bss) refers (Special) to use_no_semi_2.o(.text) for __use_no_semihosting
    usart.o(.data) refers (Special) to use_no_semi_2.o(.text) for __use_no_semihosting
    startup_stm32f10x_md.o(STACK) refers (Special) to heapauxi.o(.text) for __use_two_region_memory
[...]
    LCD_Fill                                 0x08002dcb   Thumb Code   114  lcd.o(.text)
    LCD_DrawLine                             0x08002e3d   Thumb Code   176  lcd.o(.text)
    LCD_DrawRectangle                        0x08002eed   Thumb Code    64  lcd.o(.text)
    Draw_Circle                              0x08002f2d   Thumb Code   176  lcd.o(.text)
    LCD_ShowChar                             0x08002fdd   Thumb Code   294  lcd.o(.text)
    mypow                                    0x08003103   Thumb Code    22  lcd.o(.text)
    LCD_ShowNum                              0x08003119   Thumb Code   148  lcd.o(.text)
    LCD_Show2Num                             0x080031ad   Thumb Code    92  lcd.o(.text)
    LCD_ShowString                           0x08003209   Thumb Code    74  lcd.o(.text)
    delay_osschedlock                        0x08003265   Thumb Code    10  delay.o(.text)
    delay_osschedunlock                      0x0800326f   Thumb Code    10  delay.o(.text)
    delay_ostimedly                          0x08003279   Thumb Code    16  delay.o(.text)
    SysTick_Handler                          0x08003289   Thumb Code    24  delay.o(.text)
    delay_init                               0x080032a1   Thumb Code    92  delay.o(.text)
    delay_us                                 0x080032fd   Thumb Code    86  delay.o(.text)
    delay_ms                                 0x08003353   Thumb Code    66  delay.o(.text)
    _sys_exit                                0x080033b1   Thumb Code     6  usart.o(.text)
    fputc                                    0x080033b7   Thumb Code    24  usart.o(.text)
    uart_init                                0x080033cf   Thumb Code   152  usart.o(.text)
    USART1_IRQHandler                        0x08003467   Thumb Code   130  usart.o(.text)
    Reset_Handler                            0x080034f9   Thumb Code     8  startup_stm32f10x_md.o(.text)
    ADC1_2_IRQHandler                        0x08003513   Thumb Code     0  startup_stm32f10x_md.o(.text)
    CAN1_RX1_IRQHandler                      0x08003513   Thumb Code     0  startup_stm32f10x_md.o(.text)
    CAN1_SCE_IRQHandler                      0x08003513   Thumb Code     0  startup_stm32f10x_md.o(.text)
    DMA1_Channel1_IRQHandler                 0x08003513   Thumb Code     0  startup_stm32f10x_md.o(.text)
    DMA1_Channel2_IRQHandler                 0x08003513   Thumb Code     0  startup_stm32f10x_md.o(.text)
    DMA1_Channel3_IRQHandler                 0x08003513   Thumb Code     0  startup_stm32f10x_md.o(.text)
    DMA1_Channel4_IRQHandler                 0x08003513   Thumb Code     0  startup_stm32f10x_md.o(.text)
    DMA1_Channel5_IRQHandler                 0x08003513   Thumb Code     0  startup_stm32f10x_md.o(.text)
    DMA1_Channel6_IRQHandler                 0x08003513   Thumb Code     0  startup_stm32f10x_md.o(.text)
    DMA1_Channel7_IRQHandler                 0x08003513   Thumb Code     0  startup_stm32f10x_md.o(.text)
    EXTI1_IRQHandler                         0x08003513   Thumb Code     0  startup_stm32f10x_md.o(.text)
    EXTI2_IRQHandler                         0x08003513   Thumb Code     0  startup_stm32f10x_md.o(.text)
    EXTI3_IRQHandler                         0x08003513   Thumb Code     0  startup_stm32f10x_md.o(.text)
    EXTI4_IRQHandler                         0x08003513   Thumb Code     0  startup_stm32f10x_md.o(.text)
    EXTI9_5_IRQHandler                       0x08003513   Thumb Code     0  startup_stm32f10x_md.o(.text)
    FLASH_IRQHandler                         0x08003513   Thumb Code     0  startup_stm32f10x_md.o(.text)
    I2C1_ER_IRQHandler                       0x08003513   Thumb Code     0  startup_stm32f10x_md.o(.text)
    I2C1_EV_IRQHandler                       0x08003513   Thumb Code     0  startup_stm32f10x_md.o(.text)
    I2C2_ER_IRQHandler                       0x08003513   Thumb Code     0  startup_stm32f10x_md.o(.text)
    I2C2_EV_IRQHandler                       0x08003513   Thumb Code     0  startup_stm32f10x_md.o(.text)
    PVD_IRQHandler                           0x08003513   Thumb Code     0  startup_stm32f10x_md.o(.text)
    RCC_IRQHandler                           0x08003513   Thumb Code     0  startup_stm32f10x_md.o(.text)
    RTCAlarm_IRQHandler                      0x08003513   Thumb Code     0  startup_stm32f10x_md.o(.text)
    RTC_IRQHandler                           0x08003513   Thumb Code     0  startup_stm32f10x_md.o(.text)
    SPI1_IRQHandler                          0x08003513   Thumb Code     0  startup_stm32f10x_md.o(.text)
    SPI2_IRQHandler                          0x08003513   Thumb Code     0  startup_stm32f10x_md.o(.text)
    TAMPER_IRQHandler                        0x08003513   Thumb Code     0  startup_stm32f10x_md.o(.text)
    TIM1_BRK_IRQHandler                      0x08003513   Thumb Code     0  startup_stm32f10x_md.o(.text)
    TIM1_CC_IRQHandler                       0x08003513   Thumb Code     0  startup_stm32f10x_md.o(.text)
    TIM1_TRG_COM_IRQHandler                  0x08003513   Thumb Code     0  startup_stm32f10x_md.o(.text)
    TIM1_UP_IRQHandler                       0x08003513   Thumb Code     0  startup_stm32f10x_md.o(.text)
    TIM2_IRQHandler                          0x08003513   Thumb Code     0  startup_stm32f10x_md.o(.text)
    TIM4_IRQHandler                          0x08003513   Thumb Code     0  startup_stm32f10x_md.o(.text)
    USART2_IRQHandler                        0x08003513   Thumb Code     0  startup_stm32f10x_md.o(.text)
    USART3_IRQHandler                        0x08003513   Thumb Code     0  startup_stm32f10x_md.o(.text)
    USBWakeUp_IRQHandler                     0x08003513   Thumb Code     0  startup_stm32f10x_md.o(.text)
    USB_HP_CAN1_TX_IRQHandler                0x08003513   Thumb Code     0  startup_stm32f10x_md.o(.text)
    USB_LP_CAN1_RX0_IRQHandler               0x08003513   Thumb Code     0  startup_stm32f10x_md.o(.text)
    __user_initial_stackheap                 0x08003515   Thumb Code     0  startup_stm32f10x_md.o(.text)
    NVIC_PriorityGroupConfig                 0x08003539   Thumb Code    10  misc.o(.text)
    NVIC_Init                                0x08003543   Thumb Code   100  misc.o(.text)
    NVIC_SetVectorTable                      0x080035a7   Thumb Code    14  misc.o(.text)
    NVIC_SystemLPConfig                      0x080035b5   Thumb Code    34  misc.o(.text)
    SysTick_CLKSourceConfig                  0x080035d7   Thumb Code    40  misc.o(.text)
    EXTI_DeInit                              0x08003615   Thumb Code    28  stm32f10x_exti.o(.text)
    EXTI_Init                                0x08003631   Thumb Code   142  stm32f10x_exti.o(.text)
    EXTI_StructInit                          0x080036bf   Thumb Code    16  stm32f10x_exti.o(.text)
    EXTI_GenerateSWInterrupt                 0x080036cf   Thumb Code    16  stm32f10x_exti.o(.text)
    EXTI_GetFlagStatus                       0x080036df   Thumb Code    22  stm32f10x_exti.o(.text)
    EXTI_ClearFlag                           0x080036f5   Thumb Code     8  stm32f10x_exti.o(.text)
    EXTI_GetITStatus                         0x080036fd   Thumb Code    34  stm32f10x_exti.o(.text)
    EXTI_ClearITPendingBit                   0x0800371f   Thumb Code     8  stm32f10x_exti.o(.text)
    GPIO_DeInit                              0x08003731   Thumb Code   172  stm32f10x_gpio.o(.text)
    GPIO_AFIODeInit                          0x080037dd   Thumb Code    20  stm32f10x_gpio.o(.text)
    GPIO_Init                                0x080037f1   Thumb Code   278  stm32f10x_gpio.o(.text)
    GPIO_StructInit                          0x08003907   Thumb Code    16  stm32f10x_gpio.o(.text)
    GPIO_ReadInputDataBit                    0x08003917   Thumb Code    18  stm32f10x_gpio.o(.text)
    GPIO_ReadInputData                       0x08003929   Thumb Code     8  stm32f10x_gpio.o(.text)
    GPIO_ReadOutputDataBit                   0x08003931   Thumb Code    18  stm32f10x_gpio.o(.text)
    GPIO_ReadOutputData                      0x08003943   Thumb Code     8  stm32f10x_gpio.o(.text)
    GPIO_SetBits                             0x0800394b   Thumb Code     4  stm32f10x_gpio.o(.text)
    GPIO_ResetBits                           0x0800394f   Thumb Code     4  stm32f10x_gpio.o(.text)
    GPIO_WriteBit                            0x08003953   Thumb Code    10  stm32f10x_gpio.o(.text)
    GPIO_Write                               0x0800395d   Thumb Code     4  stm32f10x_gpio.o(.text)
    GPIO_PinLockConfig                       0x08003961   Thumb Code    18  stm32f10x_gpio.o(.text)
    GPIO_EventOutputConfig                   0x08003973   Thumb Code    26  stm32f10x_gpio.o(.text)
    GPIO_EventOutputCmd                      0x0800398d   Thumb Code     6  stm32f10x_gpio.o(.text)
    GPIO_PinRemapConfig                      0x08003993   Thumb Code   138  stm32f10x_gpio.o(.text)
    GPIO_EXTILineConfig                      0x08003a1d   Thumb Code    66  stm32f10x_gpio.o(.text)
    GPIO_ETH_MediaInterfaceConfig            0x08003a5f   Thumb Code     8  stm32f10x_gpio.o(.text)
    IWDG_WriteAccessCmd                      0x08003a8d   Thumb Code     6  stm32f10x_iwdg.o(.text)
    IWDG_SetPrescaler                        0x08003a93   Thumb Code     6  stm32f10x_iwdg.o(.text)
    IWDG_SetReload                           0x08003a99   Thumb Code     6  stm32f10x_iwdg.o(.text)
    IWDG_ReloadCounter                       0x08003a9f   Thumb Code    10  stm32f10x_iwdg.o(.text)
    IWDG_Enable                              0x08003aa9   Thumb Code    10  stm32f10x_iwdg.o(.text)
    IWDG_GetFlagStatus                       0x08003ab3   Thumb Code    20  stm32f10x_iwdg.o(.text)
    RCC_DeInit                               0x08003acd   Thumb Code    64  stm32f10x_rcc.o(.text)
    RCC_HSEConfig                            0x08003b0d   Thumb Code    70  stm32f10x_rcc.o(.text)
    RCC_GetFlagStatus                        0x08003b53   Thumb Code    56  stm32f10x_rcc.o(.text)
    RCC_WaitForHSEStartUp                    0x08003b8b   Thumb Code    56  stm32f10x_rcc.o(.text)
    RCC_AdjustHSICalibrationValue            0x08003bc3   Thumb Code    20  stm32f10x_rcc.o(.text)
    RCC_HSICmd                               0x08003bd7   Thumb Code     6  stm32f10x_rcc.o(.text)
    RCC_PLLConfig                            0x08003bdd   Thumb Code    24  stm32f10x_rcc.o(.text)
    RCC_PLLCmd                               0x08003bf5   Thumb Code     6  stm32f10x_rcc.o(.text)
    RCC_SYSCLKConfig                         0x08003bfb   Thumb Code    18  stm32f10x_rcc.o(.text)
    RCC_GetSYSCLKSource                      0x08003c0d   Thumb Code    10  stm32f10x_rcc.o(.text)
    RCC_HCLKConfig                           0x08003c17   Thumb Code    18  stm32f10x_rcc.o(.text)
    RCC_PCLK1Config                          0x08003c29   Thumb Code    18  stm32f10x_rcc.o(.text)
    RCC_PCLK2Config                          0x08003c3b   Thumb Code    20  stm32f10x_rcc.o(.text)
    RCC_ITConfig                             0x08003c4f   Thumb Code    26  stm32f10x_rcc.o(.text)
    RCC_USBCLKConfig                         0x08003c69   Thumb Code     8  stm32f10x_rcc.o(.text)
    RCC_ADCCLKConfig                         0x08003c71   Thumb Code    18  stm32f10x_rcc.o(.text)
    RCC_LSEConfig                            0x08003c83   Thumb Code    50  stm32f10x_rcc.o(.text)
    RCC_LSICmd                               0x08003cb5   Thumb Code     6  stm32f10x_rcc.o(.text)
    RCC_RTCCLKConfig                         0x08003cbb   Thumb Code    12  stm32f10x_rcc.o(.text)
    RCC_RTCCLKCmd                            0x08003cc7   Thumb Code     8  stm32f10x_rcc.o(.text)
    RCC_GetClocksFreq                        0x08003ccf   Thumb Code   192  stm32f10x_rcc.o(.text)
    RCC_AHBPeriphClockCmd                    0x08003d8f   Thumb Code    26  stm32f10x_rcc.o(.text)
    RCC_APB2PeriphClockCmd                   0x08003da9   Thumb Code    26  stm32f10x_rcc.o(.text)
    RCC_APB1PeriphClockCmd                   0x08003dc3   Thumb Code    26  stm32f10x_rcc.o(.text)
    RCC_APB2PeriphResetCmd                   0x08003ddd   Thumb Code    26  stm32f10x_rcc.o(.text)
    RCC_APB1PeriphResetCmd                   0x08003df7   Thumb Code    26  stm32f10x_rcc.o(.text)
    RCC_BackupResetCmd                       0x08003e11   Thumb Code     8  stm32f10x_rcc.o(.text)
    RCC_ClockSecuritySystemCmd               0x08003e19   Thumb Code     6  stm32f10x_rcc.o(.text)
    RCC_MCOConfig                            0x08003e1f   Thumb Code     6  stm32f10x_rcc.o(.text)
    RCC_ClearFlag                            0x08003e25   Thumb Code    14  stm32f10x_rcc.o(.text)
    RCC_GetITStatus                          0x08003e33   Thumb Code    20  stm32f10x_rcc.o(.text)
    RCC_ClearITPendingBit                    0x08003e47   Thumb Code     6  stm32f10x_rcc.o(.text)
    TIM_DeInit                               0x08003e71   Thumb Code   424  stm32f10x_tim.o(.text)
    TIM_TimeBaseInit                         0x08004019   Thumb Code   122  stm32f10x_tim.o(.text)
    TIM_OC1Init                              0x08004093   Thumb Code   132  stm32f10x_tim.o(.text)
    TIM_OC2Init                              0x08004117   Thumb Code   154  stm32f10x_tim.o(.text)
    TIM_OC3Init                              0x080041b1   Thumb Code   150  stm32f10x_tim.o(.text)
    TIM_OC4Init                              0x08004247   Thumb Code   182  stm32f10x_tim.o(.text)
    TIM_SetIC4Prescaler                      0x080042fd   Thumb Code    26  stm32f10x_tim.o(.text)
    TIM_SetIC3Prescaler                      0x08004399   Thumb Code    18  stm32f10x_tim.o(.text)
    TIM_SetIC2Prescaler                      0x08004425   Thumb Code    26  stm32f10x_tim.o(.text)
    TIM_SetIC1Prescaler                      0x080044c1   Thumb Code    18  stm32f10x_tim.o(.text)
    TIM_ICInit                               0x0800453f   Thumb Code   150  stm32f10x_tim.o(.text)
    TIM_PWMIConfig                           0x080045d5   Thumb Code   124  stm32f10x_tim.o(.text)
    TIM_BDTRConfig                           0x08004651   Thumb Code    32  stm32f10x_tim.o(.text)
    TIM_TimeBaseStructInit                   0x08004671   Thumb Code    18  stm32f10x_tim.o(.text)
    TIM_OCStructInit                         0x08004683   Thumb Code    20  stm32f10x_tim.o(.text)
    TIM_ICStructInit                         0x08004697   Thumb Code    18  stm32f10x_tim.o(.text)
    TIM_BDTRStructInit                       0x080046a9   Thumb Code    40  stm32f10x_tim.o(.text)
    TIM_Cmd                                  0x080046d1   Thumb Code    24  stm32f10x_tim.o(.text)
    TIM_CtrlPWMOutputs                       0x080046e9   Thumb Code    30  stm32f10x_tim.o(.text)
    TIM_ITConfig                             0x08004707   Thumb Code    18  stm32f10x_tim.o(.text)
    TIM_GenerateEvent                        0x08004719   Thumb Code     4  stm32f10x_tim.o(.text)
    TIM_DMAConfig                            0x0800471d   Thumb Code    10  stm32f10x_tim.o(.text)
    TIM_DMACmd                               0x08004727   Thumb Code    18  stm32f10x_tim.o(.text)
    TIM_InternalClockConfig                  0x08004739   Thumb Code    12  stm32f10x_tim.o(.text)
    TIM_SelectInputTrigger                   0x08004745   Thumb Code    18  stm32f10x_tim.o(.text)
    TIM_ITRxExternalClockConfig              0x08004757   Thumb Code    24  stm32f10x_tim.o(.text)
    TIM_TIxExternalClockConfig               0x0800476f   Thumb Code    62  stm32f10x_tim.o(.text)
    TIM_ETRConfig                            0x080047ad   Thumb Code    28  stm32f10x_tim.o(.text)
    TIM_ETRClockMode1Config                  0x080047c9   Thumb Code    54  stm32f10x_tim.o(.text)
    TIM_ETRClockMode2Config                  0x080047ff   Thumb Code    32  stm32f10x_tim.o(.text)
    TIM_PrescalerConfig                      0x0800481f   Thumb Code     6  stm32f10x_tim.o(.text)
    TIM_CounterModeConfig                    0x08004825   Thumb Code    18  stm32f10x_tim.o(.text)
    TIM_EncoderInterfaceConfig               0x08004837   Thumb Code    66  stm32f10x_tim.o(.text)
    TIM_ForcedOC1Config                      0x08004879   Thumb Code    18  stm32f10x_tim.o(.text)
    TIM_ForcedOC2Config                      0x0800488b   Thumb Code    26  stm32f10x_tim.o(.text)
    TIM_ForcedOC3Config                      0x080048a5   Thumb Code    18  stm32f10x_tim.o(.text)
    TIM_ForcedOC4Config                      0x080048b7   Thumb Code    26  stm32f10x_tim.o(.text)
    TIM_ARRPreloadConfig                     0x080048d1   Thumb Code    24  stm32f10x_tim.o(.text)
    TIM_SelectCOM                            0x080048e9   Thumb Code    24  stm32f10x_tim.o(.text)
    TIM_SelectCCDMA                          0x08004901   Thumb Code    24  stm32f10x_tim.o(.text)
    TIM_CCPreloadControl                     0x08004919   Thumb Code    24  stm32f10x_tim.o(.text)
    TIM_OC1PreloadConfig                     0x08004931   Thumb Code    18  stm32f10x_tim.o(.text)
    TIM_OC2PreloadConfig                     0x08004943   Thumb Code    26  stm32f10x_tim.o(.text)
    TIM_OC3PreloadConfig                     0x0800495d   Thumb Code    18  stm32f10x_tim.o(.text)
    TIM_OC4PreloadConfig                     0x0800496f   Thumb Code    26  stm32f10x_tim.o(.text)
    TIM_OC1FastConfig                        0x08004989   Thumb Code    18  stm32f10x_tim.o(.text)
    TIM_OC2FastConfig                        0x0800499b   Thumb Code    26  stm32f10x_tim.o(.text)
    TIM_OC3FastConfig                        0x080049b5   Thumb Code    18  stm32f10x_tim.o(.text)
    TIM_OC4FastConfig                        0x080049c7   Thumb Code    26  stm32f10x_tim.o(.text)
    TIM_ClearOC1Ref                          0x080049e1   Thumb Code    18  stm32f10x_tim.o(.text)
    TIM_ClearOC2Ref                          0x080049f3   Thumb Code    24  stm32f10x_tim.o(.text)
    TIM_ClearOC3Ref                          0x08004a0b   Thumb Code    18  stm32f10x_tim.o(.text)
    TIM_ClearOC4Ref                          0x08004a1d   Thumb Code    24  stm32f10x_tim.o(.text)
    TIM_OC1PolarityConfig                    0x08004a35   Thumb Code    18  stm32f10x_tim.o(.text)
    TIM_OC1NPolarityConfig                   0x08004a47   Thumb Code    18  stm32f10x_tim.o(.text)
    TIM_OC2PolarityConfig                    0x08004a59   Thumb Code    26  stm32f10x_tim.o(.text)
    TIM_OC2NPolarityConfig                   0x08004a73   Thumb Code    26  stm32f10x_tim.o(.text)
    TIM_OC3PolarityConfig                    0x08004a8d   Thumb Code    26  stm32f10x_tim.o(.text)
    TIM_OC3NPolarityConfig                   0x08004aa7   Thumb Code    26  stm32f10x_tim.o(.text)
    TIM_OC4PolarityConfig                    0x08004ac1   Thumb Code    26  stm32f10x_tim.o(.text)
    TIM_CCxCmd                               0x08004adb   Thumb Code    30  stm32f10x_tim.o(.text)
    TIM_CCxNCmd                              0x08004af9   Thumb Code    30  stm32f10x_tim.o(.text)
    TIM_SelectOCxM                           0x08004b17   Thumb Code    82  stm32f10x_tim.o(.text)
    TIM_UpdateDisableConfig                  0x08004b69   Thumb Code    24  stm32f10x_tim.o(.text)
    TIM_UpdateRequestConfig                  0x08004b81   Thumb Code    24  stm32f10x_tim.o(.text)
    TIM_SelectHallSensor                     0x08004b99   Thumb Code    24  stm32f10x_tim.o(.text)
    TIM_SelectOnePulseMode                   0x08004bb1   Thumb Code    18  stm32f10x_tim.o(.text)
    TIM_SelectOutputTrigger                  0x08004bc3   Thumb Code    18  stm32f10x_tim.o(.text)
    TIM_SelectSlaveMode                      0x08004bd5   Thumb Code    18  stm32f10x_tim.o(.text)
    TIM_SelectMasterSlaveMode                0x08004be7   Thumb Code    18  stm32f10x_tim.o(.text)
    TIM_SetCounter                           0x08004bf9   Thumb Code     4  stm32f10x_tim.o(.text)
    TIM_SetAutoreload                        0x08004bfd   Thumb Code     4  stm32f10x_tim.o(.text)
    TIM_SetCompare1                          0x08004c01   Thumb Code     4  stm32f10x_tim.o(.text)
    TIM_SetCompare2                          0x08004c05   Thumb Code     4  stm32f10x_tim.o(.text)
    TIM_SetCompare3                          0x08004c09   Thumb Code     4  stm32f10x_tim.o(.text)
    TIM_SetCompare4                          0x08004c0d   Thumb Code     6  stm32f10x_tim.o(.text)
    TIM_SetClockDivision                     0x08004c13   Thumb Code    18  stm32f10x_tim.o(.text)
    TIM_GetCapture1                          0x08004c25   Thumb Code     6  stm32f10x_tim.o(.text)
    TIM_GetCapture2                          0x08004c2b   Thumb Code     6  stm32f10x_tim.o(.text)
    TIM_GetCapture3                          0x08004c31   Thumb Code     6  stm32f10x_tim.o(.text)
    TIM_GetCapture4                          0x08004c37   Thumb Code     8  stm32f10x_tim.o(.text)
    TIM_GetCounter                           0x08004c3f   Thumb Code     6  stm32f10x_tim.o(.text)
    TIM_GetPrescaler                         0x08004c45   Thumb Code     6  stm32f10x_tim.o(.text)
    TIM_GetFlagStatus                        0x08004c4b   Thumb Code    18  stm32f10x_tim.o(.text)
    TIM_ClearFlag                            0x08004c5d   Thumb Code     6  stm32f10x_tim.o(.text)
    TIM_GetITStatus                          0x08004c63   Thumb Code    34  stm32f10x_tim.o(.text)
    TIM_ClearITPendingBit                    0x08004c85   Thumb Code     6  stm32f10x_tim.o(.text)
    USART_DeInit                             0x08004c8d   Thumb Code   134  stm32f10x_usart.o(.text)
    USART_Init                               0x08004d13   Thumb Code   210  stm32f10x_usart.o(.text)
    USART_StructInit                         0x08004de5   Thumb Code    24  stm32f10x_usart.o(.text)
    USART_ClockInit                          0x08004dfd   Thumb Code    34  stm32f10x_usart.o(.text)
    USART_ClockStructInit                    0x08004e1f   Thumb Code    12  stm32f10x_usart.o(.text)
    USART_Cmd                                0x08004e2b   Thumb Code    24  stm32f10x_usart.o(.text)
    USART_ITConfig                           0x08004e43   Thumb Code    74  stm32f10x_usart.o(.text)
    USART_DMACmd                             0x08004e8d   Thumb Code    18  stm32f10x_usart.o(.text)
    USART_SetAddress                         0x08004e9f   Thumb Code    18  stm32f10x_usart.o(.text)
    USART_WakeUpConfig                       0x08004eb1   Thumb Code    18  stm32f10x_usart.o(.text)
    USART_ReceiverWakeUpCmd                  0x08004ec3   Thumb Code    24  stm32f10x_usart.o(.text)
    USART_LINBreakDetectLengthConfig         0x08004edb   Thumb Code    18  stm32f10x_usart.o(.text)
    USART_LINCmd                             0x08004eed   Thumb Code    24  stm32f10x_usart.o(.text)
    USART_SendData                           0x08004f05   Thumb Code     8  stm32f10x_usart.o(.text)
    USART_ReceiveData                        0x08004f0d   Thumb Code    10  stm32f10x_usart.o(.text)
    USART_SendBreak                          0x08004f17   Thumb Code    10  stm32f10x_usart.o(.text)
    USART_SetGuardTime                       0x08004f21   Thumb Code    16  stm32f10x_usart.o(.text)
    USART_SetPrescaler                       0x08004f31   Thumb Code    16  stm32f10x_usart.o(.text)
    USART_SmartCardCmd                       0x08004f41   Thumb Code    24  stm32f10x_usart.o(.text)
    USART_SmartCardNACKCmd                   0x08004f59   Thumb Code    24  stm32f10x_usart.o(.text)
    USART_HalfDuplexCmd                      0x08004f71   Thumb Code    24  stm32f10x_usart.o(.text)
    USART_OverSampling8Cmd                   0x08004f89   Thumb Code    22  stm32f10x_usart.o(.text)
    USART_OneBitMethodCmd                    0x08004f9f   Thumb Code    24  stm32f10x_usart.o(.text)
    USART_IrDAConfig                         0x08004fb7   Thumb Code    18  stm32f10x_usart.o(.text)
    USART_IrDACmd                            0x08004fc9   Thumb Code    24  stm32f10x_usart.o(.text)
    USART_GetFlagStatus                      0x08004fe1   Thumb Code    26  stm32f10x_usart.o(.text)
    USART_ClearFlag                          0x08004ffb   Thumb Code    18  stm32f10x_usart.o(.text)
    USART_GetITStatus                        0x0800500d   Thumb Code    84  stm32f10x_usart.o(.text)
    USART_ClearITPendingBit                  0x08005061   Thumb Code    52  stm32f10x_usart.o(.text)
    WWDG_DeInit                              0x08005095   Thumb Code    22  stm32f10x_wwdg.o(.text)
    WWDG_SetPrescaler                        0x080050ab   Thumb Code    18  stm32f10x_wwdg.o(.text)
    WWDG_SetWindowValue                      0x080050bd   Thumb Code    34  stm32f10x_wwdg.o(.text)
    WWDG_EnableIT                            0x080050df   Thumb Code     8  stm32f10x_wwdg.o(.text)
    WWDG_SetCounter                          0x080050e7   Thumb Code    12  stm32f10x_wwdg.o(.text)
    WWDG_Enable                              0x080050f3   Thumb Code    12  stm32f10x_wwdg.o(.text)
    WWDG_GetFlagStatus                       0x080050ff   Thumb Code    10  stm32f10x_wwdg.o(.text)
    WWDG_ClearFlag                           0x08005109   Thumb Code    10  stm32f10x_wwdg.o(.text)
    BSP_CPU_ClkFreq                          0x0800511d   Thumb Code    16  bsp.o(.text)
    CPU_TS_TmrInit                           0x0800512d   Thumb Code    44  bsp.o(.text)
    CPU_TS_TmrRd                             0x08005159   Thumb Code     6  bsp.o(.text)
    CPU_TS32_to_uSec                         0x0800515f   Thumb Code    54  bsp.o(.text)
    CPU_NameClr                              0x080051a1   Thumb Code    42  cpu_core.o(.text)
    CPU_Init                                 0x080051e1   Thumb Code    12  cpu_core.o(.text)
    CPU_SW_Exception                         0x080051ed   Thumb Code     4  cpu_core.o(.text)
    CPU_NameGet                              0x080051f1   Thumb Code    70  cpu_core.o(.text)
    CPU_NameSet                              0x08005237   Thumb Code    96  cpu_core.o(.text)
    CPU_TS_Get32                             0x08005297   Thumb Code    12  cpu_core.o(.text)
    CPU_TS_Update                            0x080052a3   Thumb Code     2  cpu_core.o(.text)
    CPU_TS_TmrFreqGet                        0x080052a5   Thumb Code    30  cpu_core.o(.text)
    CPU_TS_TmrFreqSet                        0x080052c3   Thumb Code     6  cpu_core.o(.text)
    CPU_CntLeadZeros08                       0x080052c9   Thumb Code    18  cpu_core.o(.text)
    CPU_CntLeadZeros16                       0x080052db   Thumb Code    18  cpu_core.o(.text)
    CPU_CntLeadZeros32                       0x080052ed   Thumb Code    18  cpu_core.o(.text)
    CPU_CntLeadZeros64                       0x080052ff   Thumb Code   188  cpu_core.o(.text)
    CPU_CntTrailZeros08                      0x080053bb   Thumb Code    22  cpu_core.o(.text)
    CPU_CntTrailZeros16                      0x080053d1   Thumb Code    22  cpu_core.o(.text)
    CPU_CntTrailZeros32                      0x080053e7   Thumb Code    22  cpu_core.o(.text)
    CPU_CntTrailZeros64                      0x080053fd   Thumb Code    62  cpu_core.o(.text)
    CPU_IntDis                               0x08005449   Thumb Code     0  cpu_a.o(.text)
    CPU_IntEn                                0x0800544d   Thumb Code     0  cpu_a.o(.text)
    CPU_SR_Save                              0x08005451   Thumb Code     0  cpu_a.o(.text)
    CPU_SR_Restore                           0x08005459   Thumb Code     0  cpu_a.o(.text)
    CPU_WaitForInt                           0x0800545f   Thumb Code     0  cpu_a.o(.text)
    CPU_WaitForExcept                        0x08005463   Thumb Code     0  cpu_a.o(.text)
    CPU_CntLeadZeros                         0x08005467   Thumb Code     0  cpu_a.o(.text)
    CPU_CntTrailZeros                        0x0800546d   Thumb Code     0  cpu_a.o(.text)
    CPU_RevBits                              0x08005477   Thumb Code     0  cpu_a.o(.text)
    ASCII_IsAlpha                            0x0800547d   Thumb Code    48  lib_ascii.o(.text)
    ASCII_IsAlphaNum                         0x080054ad   Thumb Code    76  lib_ascii.o(.text)
    ASCII_IsLower                            0x080054f9   Thumb Code    20  lib_ascii.o(.text)
    ASCII_IsUpper                            0x0800550d   Thumb Code    20  lib_ascii.o(.text)
    ASCII_IsDig                              0x08005521   Thumb Code    20  lib_ascii.o(.text)
    ASCII_IsDigOct                           0x08005535   Thumb Code    20  lib_ascii.o(.text)
    ASCII_IsDigHex                           0x08005549   Thumb Code    36  lib_ascii.o(.text)
    ASCII_IsBlank                            0x0800556d   Thumb Code    20  lib_ascii.o(.text)
    ASCII_IsSpace                            0x08005581   Thumb Code    36  lib_ascii.o(.text)
    ASCII_IsPrint                            0x080055a5   Thumb Code    20  lib_ascii.o(.text)
    ASCII_IsGraph                            0x080055b9   Thumb Code    20  lib_ascii.o(.text)
    ASCII_IsPunct                            0x080055cd   Thumb Code   134  lib_ascii.o(.text)
    ASCII_IsCtrl                             0x08005653   Thumb Code    26  lib_ascii.o(.text)
    ASCII_ToLower                            0x0800566d   Thumb Code    32  lib_ascii.o(.text)
    ASCII_ToUpper                            0x0800568d   Thumb Code    32  lib_ascii.o(.text)
    ASCII_Cmp                                0x080056ad   Thumb Code    38  lib_ascii.o(.text)
    Mem_Init                                 0x080056d5   Thumb Code    54  lib_mem.o(.text)
    Mem_Set                                  0x0800570b   Thumb Code    84  lib_mem.o(.text)
    Mem_Clr                                  0x0800575f   Thumb Code    18  lib_mem.o(.text)
    Mem_Move                                 0x08005771   Thumb Code   186  lib_mem.o(.text)
    Mem_Cmp                                  0x0800582b   Thumb Code   192  lib_mem.o(.text)
    Mem_HeapAlloc                            0x08005963   Thumb Code   168  lib_mem.o(.text)
    Mem_SegGetSizeRem                        0x08005a0b   Thumb Code   108  lib_mem.o(.text)
    Mem_HeapGetSizeRem                       0x08005a77   Thumb Code    22  lib_mem.o(.text)
    Mem_PoolClr                              0x08005a8d   Thumb Code    80  lib_mem.o(.text)
    Mem_PoolCreate                           0x08005add   Thumb Code   838  lib_mem.o(.text)
    Mem_PoolBlkGetNbrAvail                   0x08005e23   Thumb Code    52  lib_mem.o(.text)
    Mem_PoolBlkGet                           0x08005e57   Thumb Code   126  lib_mem.o(.text)
    Mem_PoolBlkGetUsedAtIx                   0x08005ed5   Thumb Code   140  lib_mem.o(.text)
    Mem_PoolBlkFree                          0x08005f61   Thumb Code   152  lib_mem.o(.text)
    Mem_PoolBlkIxGet                         0x08005ff9   Thumb Code   162  lib_mem.o(.text)
    Str_Len_N                                0x0800609d   Thumb Code    28  lib_str.o(.text)
    Str_Len                                  0x080060b9   Thumb Code    20  lib_str.o(.text)
    Str_Copy_N                               0x080060cd   Thumb Code    70  lib_str.o(.text)
    Str_Copy                                 0x08006113   Thumb Code    24  lib_str.o(.text)
    Str_Cat_N                                0x0800612b   Thumb Code    90  lib_str.o(.text)
    Str_Cat                                  0x08006185   Thumb Code    24  lib_str.o(.text)
    Str_Cmp_N                                0x0800619d   Thumb Code   156  lib_str.o(.text)
    Str_Cmp                                  0x08006239   Thumb Code    24  lib_str.o(.text)
    Str_CmpIgnoreCase_N                      0x08006251   Thumb Code   264  lib_str.o(.text)
    Str_CmpIgnoreCase                        0x08006359   Thumb Code    24  lib_str.o(.text)
    Str_Char_N                               0x08006371   Thumb Code    74  lib_str.o(.text)
    Str_Char                                 0x080063bb   Thumb Code    24  lib_str.o(.text)
    Str_Char_Last_N                          0x080063d3   Thumb Code    76  lib_str.o(.text)
    Str_Char_Last                            0x0800641f   Thumb Code    24  lib_str.o(.text)
    Str_Char_Replace_N                       0x08006437   Thumb Code    52  lib_str.o(.text)
    Str_Char_Replace                         0x0800646b   Thumb Code    28  lib_str.o(.text)
    Str_Str_N                                0x08006487   Thumb Code   182  lib_str.o(.text)
    Str_Str                                  0x0800653d   Thumb Code    24  lib_str.o(.text)
    Str_FmtNbr_Int32U                        0x0800672f   Thumb Code    46  lib_str.o(.text)
    Str_FmtNbr_Int32S                        0x0800675d   Thumb Code    62  lib_str.o(.text)
    Str_ParseNbr_Int32U                      0x08006959   Thumb Code    30  lib_str.o(.text)
    Str_ParseNbr_Int32S                      0x08006977   Thumb Code    74  lib_str.o(.text)
    Mem_Copy                                 0x080069c5   Thumb Code     0  lib_mem_a.o(.text)
    OSCfg_Init                               0x08006be5   Thumb Code     2  os_cfg_app.o(.text)
    OS_IdleTask                              0x08006be9   Thumb Code    60  os_core.o(.text)
    OS_IdleTaskInit                          0x08006c25   Thumb Code    68  os_core.o(.text)
    OS_RdyListInit                           0x08006c69   Thumb Code    32  os_core.o(.text)
    OSInit                                   0x08006c89   Thumb Code   300  os_core.o(.text)
    OSIntEnter                               0x08006db5   Thumb Code    34  os_core.o(.text)
    OSIntExit                                0x08006dd7   Thumb Code   192  os_core.o(.text)
    OSSched                                  0x08006e97   Thumb Code   134  os_core.o(.text)
    OS_SchedLockTimeMeasStart                0x08006f1d   Thumb Code    20  os_core.o(.text)
    OSSchedLock                              0x08006f31   Thumb Code   104  os_core.o(.text)
    OS_SchedLockTimeMeasStop                 0x08006f99   Thumb Code    44  os_core.o(.text)
    OSSchedUnlock                            0x08006fc5   Thumb Code   290  os_core.o(.text)
    OSSchedRoundRobinCfg                     0x080070e7   Thumb Code    88  os_core.o(.text)
    OS_RdyListMoveHeadToTail                 0x0800713f   Thumb Code    68  os_core.o(.text)
    OSSchedRoundRobinYield                   0x08007183   Thumb Code   164  os_core.o(.text)
    OSStart                                  0x08007227   Thumb Code    78  os_core.o(.text)
    OSVersion                                0x08007275   Thumb Code    12  os_core.o(.text)
    OS_PendDbgNameAdd                        0x08007281   Thumb Code    66  os_core.o(.text)
    OS_PendListInsertPrio                    0x080072c3   Thumb Code   102  os_core.o(.text)
    OS_PendDataInit                          0x08007329   Thumb Code    38  os_core.o(.text)
    OS_RdyListRemove                         0x0800734f   Thumb Code    86  os_core.o(.text)
    OS_TaskBlock                             0x080073a5   Thumb Code    56  os_core.o(.text)
    OS_Pend                                  0x080073dd   Thumb Code    98  os_core.o(.text)
    OS_PendListRemove1                       0x0800743f   Thumb Code   134  os_core.o(.text)
    OS_PendListRemove                        0x080074c5   Thumb Code    48  os_core.o(.text)
    OS_PendAbort1                            0x080074f5   Thumb Code    36  os_core.o(.text)
    OS_RdyListInsertHead                     0x08007519   Thumb Code    58  os_core.o(.text)
    OS_RdyListInsertTail                     0x08007553   Thumb Code    56  os_core.o(.text)
    OS_RdyListInsert                         0x0800758b   Thumb Code    40  os_core.o(.text)
    OS_TaskRdy                               0x080075b3   Thumb Code    28  os_core.o(.text)
    OS_PendAbort                             0x080075cf   Thumb Code   166  os_core.o(.text)
    OS_PendDbgNameRemove                     0x08007675   Thumb Code    34  os_core.o(.text)
    OS_PendListChangePrio                    0x08007697   Thumb Code    70  os_core.o(.text)
    OS_PendListInit                          0x080076dd   Thumb Code    10  os_core.o(.text)
    OS_PendListInsertHead                    0x080076e7   Thumb Code    32  os_core.o(.text)
    OS_PendObjDel1                           0x08007707   Thumb Code    36  os_core.o(.text)
    OS_PendObjDel                            0x0800772b   Thumb Code   162  os_core.o(.text)
    OS_Post1                                 0x080077cd   Thumb Code    42  os_core.o(.text)
    OS_Post                                  0x080077f7   Thumb Code   192  os_core.o(.text)
    OS_Sched0                                0x080078b7   Thumb Code   102  os_core.o(.text)
    OS_SchedRoundRobin                       0x0800791d   Thumb Code   190  os_core.o(.text)
    OS_Dbg_Init                              0x080079ed   Thumb Code   150  os_dbg.o(.text)
    OS_FlagDbgListAdd                        0x08007ba1   Thumb Code    38  os_flag.o(.text)
    OSFlagCreate                             0x08007bc7   Thumb Code   172  os_flag.o(.text)
    OS_FlagClr                               0x08007c73   Thumb Code    28  os_flag.o(.text)
    OS_FlagDbgListRemove                     0x08007c8f   Thumb Code    44  os_flag.o(.text)
    OSFlagDel                                0x08007cbb   Thumb Code   594  os_flag.o(.text)
    OS_FlagBlock                             0x08007f0d   Thumb Code    58  os_flag.o(.text)
    OSFlagPend                               0x08007f47   Thumb Code  1488  os_flag.o(.text)
    OSFlagPendAbort                          0x08008517   Thumb Code   292  os_flag.o(.text)
    OSFlagPendGetFlagsRdy                    0x0800863b   Thumb Code    68  os_flag.o(.text)
    OS_FlagTaskRdy                           0x0800867f   Thumb Code    86  os_flag.o(.text)
    OS_FlagPost                              0x080086d5   Thumb Code   570  os_flag.o(.text)
    OSFlagPost                               0x0800890f   Thumb Code   146  os_flag.o(.text)
    OS_FlagInit                              0x080089a1   Thumb Code    14  os_flag.o(.text)
    OS_IntQPost                              0x080089c9   Thumb Code   216  os_int.o(.text)
    OS_IntQRePost                            0x08008aa1   Thumb Code   360  os_int.o(.text)
    OS_IntQTask                              0x08008c09   Thumb Code   162  os_int.o(.text)
    OS_IntQTaskInit                          0x08008cab   Thumb Code   208  os_int.o(.text)
    OS_MemDbgListAdd                         0x08008e0d   Thumb Code    34  os_mem.o(.text)
    OSMemCreate                              0x08008e2f   Thumb Code   288  os_mem.o(.text)
    OSMemGet                                 0x08008f4f   Thumb Code   100  os_mem.o(.text)
    OSMemPut                                 0x08008fb3   Thumb Code   112  os_mem.o(.text)
    OS_MemInit                               0x08009023   Thumb Code    14  os_mem.o(.text)
    OS_MsgPoolInit                           0x08009045   Thumb Code   110  os_msg.o(.text)
    OS_MsgQFreeAll                           0x080090b3   Thumb Code    62  os_msg.o(.text)
    OS_MsgQInit                              0x080090f1   Thumb Code    14  os_msg.o(.text)
    OS_MsgQGet                               0x080090ff   Thumb Code    98  os_msg.o(.text)
    OS_MsgQPut                               0x08009161   Thumb Code   254  os_msg.o(.text)
    OS_MutexDbgListAdd                       0x0800926d   Thumb Code    38  os_mutex.o(.text)
    OSMutexCreate                            0x08009293   Thumb Code   178  os_mutex.o(.text)
    OS_MutexClr                              0x08009345   Thumb Code    38  os_mutex.o(.text)
    OS_MutexDbgListRemove                    0x0800936b   Thumb Code    44  os_mutex.o(.text)
    OSMutexDel                               0x08009397   Thumb Code   842  os_mutex.o(.text)
    OSMutexPend                              0x080096e1   Thumb Code   706  os_mutex.o(.text)
    OSMutexPendAbort                         0x080099a3   Thumb Code   314  os_mutex.o(.text)
    OSMutexPost                              0x08009add   Thumb Code   564  os_mutex.o(.text)
    OS_MutexInit                             0x08009d11   Thumb Code    14  os_mutex.o(.text)
    OS_PrioInit                              0x08009d41   Thumb Code    20  os_prio.o(.text)
    OS_PrioGetHighest                        0x08009d55   Thumb Code    36  os_prio.o(.text)
    OS_PrioInsert                            0x08009d79   Thumb Code    32  os_prio.o(.text)
    OS_PrioRemove                            0x08009d99   Thumb Code    32  os_prio.o(.text)
    OS_QDbgListAdd                           0x08009dbd   Thumb Code    38  os_q.o(.text)
    OSQCreate                                0x08009de3   Thumb Code   186  os_q.o(.text)
    OS_QClr                                  0x08009e9d   Thumb Code    40  os_q.o(.text)
    OS_QDbgListRemove                        0x08009ec5   Thumb Code    44  os_q.o(.text)
    OSQDel                                   0x08009ef1   Thumb Code   362  os_q.o(.text)
    OSQFlush                                 0x0800a05b   Thumb Code   210  os_q.o(.text)
    OSQPend                                  0x0800a12d   Thumb Code   538  os_q.o(.text)
    OSQPendAbort                             0x0800a347   Thumb Code   292  os_q.o(.text)
    OS_QPost                                 0x0800a46b   Thumb Code   324  os_q.o(.text)
    OSQPost                                  0x0800a5af   Thumb Code   198  os_q.o(.text)
    OS_QInit                                 0x0800a675   Thumb Code    14  os_q.o(.text)
    OS_SemDbgListAdd                         0x0800a695   Thumb Code    38  os_sem.o(.text)
    OSSemCreate                              0x0800a6bb   Thumb Code   172  os_sem.o(.text)
    OS_SemClr                                0x0800a767   Thumb Code    28  os_sem.o(.text)
    OS_SemDbgListRemove                      0x0800a783   Thumb Code    44  os_sem.o(.text)
    OSSemDel                                 0x0800a7af   Thumb Code   362  os_sem.o(.text)
    OSSemPend                                0x0800a919   Thumb Code   504  os_sem.o(.text)
    OSSemPendAbort                           0x0800ab11   Thumb Code   292  os_sem.o(.text)
    OS_SemPost                               0x0800ac35   Thumb Code   350  os_sem.o(.text)
    OSSemPost                                0x0800ad93   Thumb Code   144  os_sem.o(.text)
    OSSemSet                                 0x0800ae23   Thumb Code   138  os_sem.o(.text)
    OS_SemInit                               0x0800aead   Thumb Code    14  os_sem.o(.text)
    OSStatReset                              0x0800aec5   Thumb Code   270  os_stat.o(.text)
    OSStatTaskCPUUsageInit                   0x0800afd3   Thumb Code   212  os_stat.o(.text)
    OS_StatTask                              0x0800b0a7   Thumb Code   888  os_stat.o(.text)
    OS_StatTaskInit                          0x0800b41f   Thumb Code   138  os_stat.o(.text)
    OSTaskChangePrio                         0x0800b4fd   Thumb Code   416  os_task.o(.text)
    OS_TaskDbgListAdd                        0x0800b69d   Thumb Code    42  os_task.o(.text)
    OS_TaskInitTCB                           0x0800b6c7   Thumb Code   186  os_task.o(.text)
    OSTaskCreate                             0x0800b781   Thumb Code   616  os_task.o(.text)
    OS_TaskDbgListRemove                     0x0800b9e9   Thumb Code    64  os_task.o(.text)
    OSTaskDel                                0x0800ba29   Thumb Code   424  os_task.o(.text)
    OSTaskQFlush                             0x0800bbd1   Thumb Code   214  os_task.o(.text)
    OSTaskQPend                              0x0800bca7   Thumb Code   554  os_task.o(.text)
    OSTaskQPendAbort                         0x0800bed1   Thumb Code   242  os_task.o(.text)
    OS_TaskQPost                             0x0800bfc3   Thumb Code   526  os_task.o(.text)
    OSTaskQPost                              0x0800c1d1   Thumb Code   114  os_task.o(.text)
    OSTaskRegGet                             0x0800c243   Thumb Code    78  os_task.o(.text)
    OSTaskRegGetID                           0x0800c291   Thumb Code    84  os_task.o(.text)
    OSTaskRegSet                             0x0800c2e5   Thumb Code    78  os_task.o(.text)
    OS_TaskResume                            0x0800c333   Thumb Code   314  os_task.o(.text)
    OSTaskResume                             0x0800c46d   Thumb Code   112  os_task.o(.text)
    OSTaskSemPend                            0x0800c4dd   Thumb Code   550  os_task.o(.text)
    OSTaskSemPendAbort                       0x0800c703   Thumb Code   270  os_task.o(.text)
    OS_TaskSemPost                           0x0800c811   Thumb Code  1224  os_task.o(.text)
    OSTaskSemPost                            0x0800ccd9   Thumb Code    98  os_task.o(.text)
    OSTaskSemSet                             0x0800cd3b   Thumb Code    80  os_task.o(.text)
    OSTaskStkChk                             0x0800cd8b   Thumb Code   224  os_task.o(.text)
    OS_TaskSuspend                           0x0800ce6b   Thumb Code   328  os_task.o(.text)
    OSTaskSuspend                            0x0800cfb3   Thumb Code    78  os_task.o(.text)
    OSTaskTimeQuantaSet                      0x0800d001   Thumb Code    96  os_task.o(.text)
    OS_TaskInit                              0x0800d061   Thumb Code    18  os_task.o(.text)
    OS_TaskReturn                            0x0800d073   Thumb Code    20  os_task.o(.text)
    OS_TickListRemove                        0x0800d0b1   Thumb Code    56  os_tick.o(.text)
    OS_TickListUpdate                        0x0800d0e9   Thumb Code   480  os_tick.o(.text)
    OS_TickTask                              0x0800d2c9   Thumb Code    38  os_tick.o(.text)
    OS_TickListInit                          0x0800d2ef   Thumb Code    32  os_tick.o(.text)
    OS_TickTaskInit                          0x0800d30f   Thumb Code   130  os_tick.o(.text)
    OS_TickListInsert                        0x0800d391   Thumb Code   502  os_tick.o(.text)
    OS_TickListResetPeak                     0x0800d587   Thumb Code    28  os_tick.o(.text)
    OSTimeDly                                0x0800d5ad   Thumb Code   266  os_time.o(.text)
    OSTimeDlyHMSM                            0x0800d6b7   Thumb Code   480  os_time.o(.text)
    OSTimeDlyResume                          0x0800d897   Thumb Code   466  os_time.o(.text)
    OSTimeGet                                0x0800da69   Thumb Code    46  os_time.o(.text)
    OSTimeSet                                0x0800da97   Thumb Code    46  os_time.o(.text)
    OSTimeTick                               0x0800dac5   Thumb Code    54  os_time.o(.text)
    OS_TmrDbgListAdd                         0x0800db11   Thumb Code    34  os_tmr.o(.text)
    OSTmrCreate                              0x0800db33   Thumb Code   248  os_tmr.o(.text)
    OS_TmrClr                                0x0800dc2b   Thumb Code    36  os_tmr.o(.text)
    OS_TmrUnlink                             0x0800dc4f   Thumb Code    72  os_tmr.o(.text)
    OS_TmrDbgListRemove                      0x0800dc97   Thumb Code    44  os_tmr.o(.text)
    OSTmrDel                                 0x0800dcc3   Thumb Code   182  os_tmr.o(.text)
    OSTmrRemainGet                           0x0800dd79   Thumb Code   188  os_tmr.o(.text)
    OS_TmrLink                               0x0800de35   Thumb Code   240  os_tmr.o(.text)
    OSTmrStart                               0x0800df25   Thumb Code   170  os_tmr.o(.text)
    OSTmrStateGet                            0x0800dfcf   Thumb Code   134  os_tmr.o(.text)
    OSTmrStop                                0x0800e055   Thumb Code   246  os_tmr.o(.text)
    OS_TmrTask                               0x0800e14b   Thumb Code   176  os_tmr.o(.text)
    OS_TmrInit                               0x0800e1fb   Thumb Code   208  os_tmr.o(.text)
    OS_TmrResetPeak                          0x0800e2cb   Thumb Code    28  os_tmr.o(.text)
    OSIdleTaskHook                           0x0800e345   Thumb Code    16  os_cpu_c.o(.text)
    OSInitHook                               0x0800e355   Thumb Code    42  os_cpu_c.o(.text)
    OSStatTaskHook                           0x0800e37f   Thumb Code    16  os_cpu_c.o(.text)
    OSTaskCreateHook                         0x0800e38f   Thumb Code    20  os_cpu_c.o(.text)
    OSTaskDelHook                            0x0800e3a3   Thumb Code    20  os_cpu_c.o(.text)
    OSTaskReturnHook                         0x0800e3b7   Thumb Code    20  os_cpu_c.o(.text)
    OSTaskStkInit                            0x0800e3cb   Thumb Code   188  os_cpu_c.o(.text)
    OSTaskSwHook                             0x0800e487   Thumb Code   120  os_cpu_c.o(.text)
    OSTimeTickHook                           0x0800e4ff   Thumb Code    16  os_cpu_c.o(.text)
    OS_CPU_SysTickHandler                    0x0800e50f   Thumb Code    52  os_cpu_c.o(.text)
    OS_CPU_SysTickInit                       0x0800e543   Thumb Code    44  os_cpu_c.o(.text)
    __use_no_semihosting                     0x0800e5b1   Thumb Code     2  use_no_semi_2.o(.text)
    __aeabi_uldivmod                         0x0800e5b3   Thumb Code     0  lludivv7m.o(.text)
    _ll_udiv                                 0x0800e5b3   Thumb Code   238  lludivv7m.o(.text)
    __2printf                                0x0800e6a1   Thumb Code    20  noretval__2printf.o(.text)
    __printf                                 0x0800e6b9   Thumb Code   104  __printf.o(.text)
    _printf_int_hex                          0x0800e721   Thumb Code    84  _printf_hex_int.o(.text)
    _printf_longlong_hex                     0x0800e721   Thumb Code     0  _printf_hex_int.o(.text)
    __use_two_region_memory                  0x0800e779   Thumb Code     2  heapauxi.o(.text)
    __rt_heap_escrow$2region                 0x0800e77b   Thumb Code     2  heapauxi.o(.text)
    __rt_heap_expand$2region                 0x0800e77d   Thumb Code     2  heapauxi.o(.text)
    __I$use$semihosting                      0x0800e77f   Thumb Code     0  use_no_semi.o(.text)
    __use_no_semihosting_swi                 0x0800e77f   Thumb Code     2  use_no_semi.o(.text)
    _printf_int_common                       0x0800e781   Thumb Code   178  _printf_intcommon.o(.text)
    _printf_char_file                        0x0800e835   Thumb Code    32  _printf_char_file.o(.text)
    _printf_char_common                      0x0800e863   Thumb Code    32  _printf_char_common.o(.text)
    ferror                                   0x0800e889   Thumb Code     8  ferror.o(.text)
    __user_setup_stackheap                   0x0800e891   Thumb Code    74  sys_stackheap_outer.o(.text)
    exit                                     0x0800e8db   Thumb Code    18  exit.o(.text)
    __user_libspace                          0x0800e8ed   Thumb Code     8  libspace.o(.text)
    __user_perproc_libspace                  0x0800e8ed   Thumb Code     0  libspace.o(.text)
    __user_perthread_libspace                0x0800e8ed   Thumb Code     0  libspace.o(.text)
    OSStartHighRdy                           0x0800e8f5   Thumb Code     0  os_cpu_a.o(CODE)
    PendSV_Handler                           0x0800e92b   Thumb Code     0  os_cpu_a.o(CODE)
    LCD_SetCursor                            0x0800e98d   Thumb Code   192  lcd.o(i.LCD_SetCursor)
    asc2_1206                                0x0800ea58   Data        1140  lcd.o(.constdata)
    asc2_1608                                0x0800eecc   Data        1520  lcd.o(.constdata)
    OSCfg_IdleTaskStkBasePtr                 0x0800f650   Data           4  os_cfg_app.o(.constdata)
    OSCfg_IdleTaskStkLimit                   0x0800f654   Data           4  os_cfg_app.o(.constdata)
    OSCfg_IdleTaskStkSize                    0x0800f658   Data           4  os_cfg_app.o(.constdata)
    OSCfg_IdleTaskStkSizeRAM                 0x0800f65c   Data           4  os_cfg_app.o(.constdata)
    OSCfg_IntQBasePtr                        0x0800f660   Data           4  os_cfg_app.o(.constdata)
    OSCfg_IntQSize                           0x0800f664   Data           2  os_cfg_app.o(.constdata)
    OSCfg_IntQSizeRAM                        0x0800f668   Data           4  os_cfg_app.o(.constdata)
    OSCfg_IntQTaskStkBasePtr                 0x0800f66c   Data           4  os_cfg_app.o(.constdata)
    OSCfg_IntQTaskStkLimit                   0x0800f670   Data           4  os_cfg_app.o(.constdata)
    OSCfg_IntQTaskStkSize                    0x0800f674   Data           4  os_cfg_app.o(.constdata)
    OSCfg_IntQTaskStkSizeRAM                 0x0800f678   Data           4  os_cfg_app.o(.constdata)
    OSCfg_ISRStkBasePtr                      0x0800f67c   Data           4  os_cfg_app.o(.constdata)
    OSCfg_ISRStkSize                         0x0800f680   Data           4  os_cfg_app.o(.constdata)
    OSCfg_ISRStkSizeRAM                      0x0800f684   Data           4  os_cfg_app.o(.constdata)
    OSCfg_MsgPoolSize                        0x0800f688   Data           2  os_cfg_app.o(.constdata)
    OSCfg_MsgPoolSizeRAM                     0x0800f68c   Data           4  os_cfg_app.o(.constdata)
    OSCfg_MsgPoolBasePtr                     0x0800f690   Data           4  os_cfg_app.o(.constdata)
    OSCfg_StatTaskPrio                       0x0800f694   Data           1  os_cfg_app.o(.constdata)
    OSCfg_StatTaskRate_Hz                    0x0800f698   Data           4  os_cfg_app.o(.constdata)
    OSCfg_StatTaskStkBasePtr                 0x0800f69c   Data           4  os_cfg_app.o(.constdata)
    OSCfg_StatTaskStkLimit                   0x0800f6a0   Data           4  os_cfg_app.o(.constdata)
    OSCfg_StatTaskStkSize                    0x0800f6a4   Data           4  os_cfg_app.o(.constdata)
    OSCfg_StatTaskStkSizeRAM                 0x0800f6a8   Data           4  os_cfg_app.o(.constdata)
    OSCfg_StkSizeMin                         0x0800f6ac   Data           4  os_cfg_app.o(.constdata)
    OSCfg_TickRate_Hz                        0x0800f6b0   Data           4  os_cfg_app.o(.constdata)
    OSCfg_TickTaskPrio                       0x0800f6b4   Data           1  os_cfg_app.o(.constdata)
    OSCfg_TickTaskStkBasePtr                 0x0800f6b8   Data           4  os_cfg_app.o(.constdata)
    OSCfg_TickTaskStkLimit                   0x0800f6bc   Data           4  os_cfg_app.o(.constdata)
    OSCfg_TickTaskStkSize                    0x0800f6c0   Data           4  os_cfg_app.o(.constdata)
    OSCfg_TickTaskStkSizeRAM                 0x0800f6c4   Data           4  os_cfg_app.o(.constdata)
    OSCfg_TickWheelSize                      0x0800f6c8   Data           2  os_cfg_app.o(.constdata)
    OSCfg_TickWheelSizeRAM                   0x0800f6cc   Data           4  os_cfg_app.o(.constdata)
    OSCfg_TmrTaskPrio                        0x0800f6d0   Data           1  os_cfg_app.o(.constdata)
    OSCfg_TmrTaskRate_Hz                     0x0800f6d4   Data           4  os_cfg_app.o(.constdata)
    OSCfg_TmrTaskStkBasePtr                  0x0800f6d8   Data           4  os_cfg_app.o(.constdata)
    OSCfg_TmrTaskStkLimit                    0x0800f6dc   Data           4  os_cfg_app.o(.constdata)
    OSCfg_TmrTaskStkSize                     0x0800f6e0   Data           4  os_cfg_app.o(.constdata)
    OSCfg_TmrTaskStkSizeRAM                  0x0800f6e4   Data           4  os_cfg_app.o(.constdata)
    OSCfg_TmrWheelSize                       0x0800f6e8   Data           2  os_cfg_app.o(.constdata)
    OSCfg_TmrWheelSizeRAM                    0x0800f6ec   Data           4  os_cfg_app.o(.constdata)
    OSCfg_DataSizeRAM                        0x0800f6f0   Data           4  os_cfg_app.o(.constdata)
    OSDbg_DbgEn                              0x0800f6f4   Data           1  os_dbg.o(.constdata)
    OSDbg_ArgChkEn                           0x0800f6f5   Data           1  os_dbg.o(.constdata)
    OSDbg_AppHooksEn                         0x0800f6f6   Data           1  os_dbg.o(.constdata)
    OSDbg_EndiannessTest                     0x0800f6f8   Data           4  os_dbg.o(.constdata)
    OSDbg_CalledFromISRChkEn                 0x0800f6fc   Data           1  os_dbg.o(.constdata)
    OSDbg_FlagEn                             0x0800f6fd   Data           1  os_dbg.o(.constdata)
    OSDbg_FlagGrp                            0x0800f700   Data          40  os_dbg.o(.constdata)
    OSDbg_FlagDelEn                          0x0800f728   Data           1  os_dbg.o(.constdata)
    OSDbg_FlagModeClrEn                      0x0800f729   Data           1  os_dbg.o(.constdata)
    OSDbg_FlagPendAbortEn                    0x0800f72a   Data           1  os_dbg.o(.constdata)
    OSDbg_FlagGrpSize                        0x0800f72c   Data           2  os_dbg.o(.constdata)
    OSDbg_FlagWidth                          0x0800f72e   Data           2  os_dbg.o(.constdata)
    OSDbg_IntQ                               0x0800f730   Data           2  os_dbg.o(.constdata)
    OSDbg_ISRPostDeferredEn                  0x0800f732   Data           1  os_dbg.o(.constdata)
    OSDbg_Mem                                0x0800f734   Data          32  os_dbg.o(.constdata)
    OSDbg_MemEn                              0x0800f754   Data           1  os_dbg.o(.constdata)
    OSDbg_MemSize                            0x0800f756   Data           2  os_dbg.o(.constdata)
    OSDbg_MsgEn                              0x0800f758   Data           1  os_dbg.o(.constdata)
    OSDbg_MsgSize                            0x0800f75a   Data           2  os_dbg.o(.constdata)
    OSDbg_MsgPoolSize                        0x0800f75c   Data           2  os_dbg.o(.constdata)
    OSDbg_MsgQSize                           0x0800f75e   Data           2  os_dbg.o(.constdata)
    OSDbg_Mutex                              0x0800f760   Data          44  os_dbg.o(.constdata)
    OSDbg_MutexEn                            0x0800f78c   Data           1  os_dbg.o(.constdata)
    OSDbg_MutexDelEn                         0x0800f78d   Data           1  os_dbg.o(.constdata)
    OSDbg_MutexPendAbortEn                   0x0800f78e   Data           1  os_dbg.o(.constdata)
    OSDbg_MutexSize                          0x0800f790   Data           2  os_dbg.o(.constdata)
    OSDbg_ObjTypeChkEn                       0x0800f792   Data           1  os_dbg.o(.constdata)
    OSDbg_PendMultiEn                        0x0800f793   Data           1  os_dbg.o(.constdata)
    OSDbg_PendDataSize                       0x0800f794   Data           2  os_dbg.o(.constdata)
    OSDbg_PendListSize                       0x0800f796   Data           2  os_dbg.o(.constdata)
    OSDbg_PendObjSize                        0x0800f798   Data           2  os_dbg.o(.constdata)
    OSDbg_PrioMax                            0x0800f79a   Data           2  os_dbg.o(.constdata)
    OSDbg_PrioTblSize                        0x0800f79c   Data           2  os_dbg.o(.constdata)
    OSDbg_PtrSize                            0x0800f79e   Data           2  os_dbg.o(.constdata)
    OSDbg_Q                                  0x0800f7a0   Data          48  os_dbg.o(.constdata)
    OSDbg_QEn                                0x0800f7d0   Data           1  os_dbg.o(.constdata)
    OSDbg_QDelEn                             0x0800f7d1   Data           1  os_dbg.o(.constdata)
    OSDbg_QFlushEn                           0x0800f7d2   Data           1  os_dbg.o(.constdata)
    OSDbg_QPendAbortEn                       0x0800f7d3   Data           1  os_dbg.o(.constdata)
    OSDbg_QSize                              0x0800f7d4   Data           2  os_dbg.o(.constdata)
    OSDbg_SchedRoundRobinEn                  0x0800f7d6   Data           1  os_dbg.o(.constdata)
    OSDbg_Sem                                0x0800f7d8   Data          40  os_dbg.o(.constdata)
    OSDbg_SemEn                              0x0800f800   Data           1  os_dbg.o(.constdata)
    OSDbg_SemDelEn                           0x0800f801   Data           1  os_dbg.o(.constdata)
    OSDbg_SemPendAbortEn                     0x0800f802   Data           1  os_dbg.o(.constdata)
    OSDbg_SemSetEn                           0x0800f803   Data           1  os_dbg.o(.constdata)
    OSDbg_SemSize                            0x0800f804   Data           2  os_dbg.o(.constdata)
    OSDbg_RdyList                            0x0800f806   Data           2  os_dbg.o(.constdata)
    OSDbg_RdyListSize                        0x0800f808   Data           4  os_dbg.o(.constdata)
    OSDbg_StkWidth                           0x0800f80c   Data           1  os_dbg.o(.constdata)
    OSDbg_StatTaskEn                         0x0800f80d   Data           1  os_dbg.o(.constdata)
    OSDbg_StatTaskStkChkEn                   0x0800f80e   Data           1  os_dbg.o(.constdata)
    OSDbg_TaskChangePrioEn                   0x0800f80f   Data           1  os_dbg.o(.constdata)
    OSDbg_TaskDelEn                          0x0800f810   Data           1  os_dbg.o(.constdata)
    OSDbg_TaskQEn                            0x0800f811   Data           1  os_dbg.o(.constdata)
    OSDbg_TaskQPendAbortEn                   0x0800f812   Data           1  os_dbg.o(.constdata)
    OSDbg_TaskProfileEn                      0x0800f813   Data           1  os_dbg.o(.constdata)
    OSDbg_TaskRegTblSize                     0x0800f814   Data           2  os_dbg.o(.constdata)
    OSDbg_TaskSemPendAbortEn                 0x0800f816   Data           1  os_dbg.o(.constdata)
    OSDbg_TaskSuspendEn                      0x0800f817   Data           1  os_dbg.o(.constdata)
    OSDbg_TCBSize                            0x0800f818   Data           2  os_dbg.o(.constdata)
    OSDbg_TickSpokeSize                      0x0800f81a   Data           2  os_dbg.o(.constdata)
    OSDbg_TimeDlyHMSMEn                      0x0800f81c   Data           1  os_dbg.o(.constdata)
    OSDbg_TimeDlyResumeEn                    0x0800f81d   Data           1  os_dbg.o(.constdata)
    OSDbg_TLS_TblSize                        0x0800f81e   Data           2  os_dbg.o(.constdata)
    OSDbg_Tmr                                0x0800f820   Data          52  os_dbg.o(.constdata)
    OSDbg_TmrEn                              0x0800f854   Data           1  os_dbg.o(.constdata)
    OSDbg_TmrDelEn                           0x0800f855   Data           1  os_dbg.o(.constdata)
    OSDbg_TmrSize                            0x0800f856   Data           2  os_dbg.o(.constdata)
    OSDbg_TmrSpokeSize                       0x0800f858   Data           2  os_dbg.o(.constdata)
    OSDbg_VersionNbr                         0x0800f85a   Data           2  os_dbg.o(.constdata)
    OSDbg_DataSize                           0x0800f85c   Data           4  os_dbg.o(.constdata)
    Region$$Table$$Base                      0x0800f888   Number         0  anon$$obj.o(Region$$Table)
    Region$$Table$$Limit                     0x0800f8a8   Number         0  anon$$obj.o(Region$$Table)
    tmr1sta                                  0x20000000   Data           1  main.o(.data)
    SystemCoreClock                          0x20000004   Data           4  system_stm32f10x.o(.data)
    AHBPrescTable                            0x20000008   Data          16  system_stm32f10x.o(.data)
    POINT_COLOR                              0x2000001a   Data           2  lcd.o(.data)
    BACK_COLOR                               0x2000001c   Data           2  lcd.o(.data)
    DeviceCode                               0x2000001e   Data           2  lcd.o(.data)
    __stdout                                 0x20000024   Data           4  usart.o(.data)
    USART_RX_STA                             0x20000028   Data           1  usart.o(.data)
    CPU_TS_TmrFreq_Hz                        0x20000040   Data           4  cpu_core.o(.data)
    Mem_PoolTbl                              0x20000044   Data           4  lib_mem.o(.data)
    OSPrioTbl                                0x20000048   Data           8  os_prio.o(.data)
    OS_AppTaskCreateHookPtr                  0x20000050   Data           4  os_var.o(.data)
    OS_AppTaskDelHookPtr                     0x20000054   Data           4  os_var.o(.data)
    OS_AppTaskReturnHookPtr                  0x20000058   Data           4  os_var.o(.data)
    OS_AppIdleTaskHookPtr                    0x2000005c   Data           4  os_var.o(.data)
    OS_AppStatTaskHookPtr                    0x20000060   Data           4  os_var.o(.data)
    OS_AppTaskSwHookPtr                      0x20000064   Data           4  os_var.o(.data)
    OS_AppTimeTickHookPtr                    0x20000068   Data           4  os_var.o(.data)
    OSIdleTaskCtr                            0x2000006c   Data           4  os_var.o(.data)
    OSIntNestingCtr                          0x20000070   Data           1  os_var.o(.data)
    OSRunning                                0x20000071   Data           1  os_var.o(.data)
    OSIntQInPtr                              0x20000074   Data           4  os_var.o(.data)
    OSIntQOutPtr                             0x20000078   Data           4  os_var.o(.data)
    OSIntQNbrEntries                         0x2000007c   Data           2  os_var.o(.data)
    OSIntQNbrEntriesMax                      0x2000007e   Data           2  os_var.o(.data)
    OSIntQOvfCtr                             0x20000080   Data           2  os_var.o(.data)
    OSIntQTaskTimeMax                        0x20000084   Data           4  os_var.o(.data)
    OSFlagDbgListPtr                         0x20000088   Data           4  os_var.o(.data)
    OSFlagQty                                0x2000008c   Data           2  os_var.o(.data)
    OSMemDbgListPtr                          0x20000090   Data           4  os_var.o(.data)
    OSMemQty                                 0x20000094   Data           2  os_var.o(.data)
    OSMutexDbgListPtr                        0x20000098   Data           4  os_var.o(.data)
    OSMutexQty                               0x2000009c   Data           2  os_var.o(.data)
    OSPrioCur                                0x2000009e   Data           1  os_var.o(.data)
    OSPrioHighRdy                            0x2000009f   Data           1  os_var.o(.data)
    OSPrioSaved                              0x200000a0   Data           1  os_var.o(.data)
    OSQDbgListPtr                            0x200000a4   Data           4  os_var.o(.data)
    OSQQty                                   0x200000a8   Data           2  os_var.o(.data)
    OSSchedLockTimeBegin                     0x200000ac   Data           4  os_var.o(.data)
    OSSchedLockTimeMax                       0x200000b0   Data           4  os_var.o(.data)
    OSSchedLockTimeMaxCur                    0x200000b4   Data           4  os_var.o(.data)
    OSSchedLockNestingCtr                    0x200000b8   Data           1  os_var.o(.data)
    OSSchedRoundRobinDfltTimeQuanta          0x200000bc   Data           4  os_var.o(.data)
    OSSchedRoundRobinEn                      0x200000c0   Data           1  os_var.o(.data)
    OSSemDbgListPtr                          0x200000c4   Data           4  os_var.o(.data)
    OSSemQty                                 0x200000c8   Data           2  os_var.o(.data)
    OSStatResetFlag                          0x200000ca   Data           1  os_var.o(.data)
    OSStatTaskCPUUsage                       0x200000cc   Data           2  os_var.o(.data)
    OSStatTaskCPUUsageMax                    0x200000ce   Data           2  os_var.o(.data)
    OSStatTaskCtr                            0x200000d0   Data           4  os_var.o(.data)
    OSStatTaskCtrMax                         0x200000d4   Data           4  os_var.o(.data)
    OSStatTaskCtrRun                         0x200000d8   Data           4  os_var.o(.data)
    OSStatTaskRdy                            0x200000dc   Data           1  os_var.o(.data)
    OSStatTaskTimeMax                        0x200000e0   Data           4  os_var.o(.data)
    OSTaskCtxSwCtr                           0x200000e4   Data           4  os_var.o(.data)
    OSTaskDbgListPtr                         0x200000e8   Data           4  os_var.o(.data)
    OSTaskQty                                0x200000ec   Data           2  os_var.o(.data)
    OSTaskRegNextAvailID                     0x200000ee   Data           1  os_var.o(.data)
    OSTickCtr                                0x200000f0   Data           4  os_var.o(.data)
    OSTickTaskTimeMax                        0x200000f4   Data           4  os_var.o(.data)
    OSTmrDbgListPtr                          0x200000f8   Data           4  os_var.o(.data)
    OSTmrQty                                 0x200000fc   Data           2  os_var.o(.data)
    OSTmrTaskTimeMax                         0x20000100   Data           4  os_var.o(.data)
    OSTmrTickCtr                             0x20000104   Data           4  os_var.o(.data)
    OSTmrUpdateCnt                           0x20000108   Data           4  os_var.o(.data)
    OSTmrUpdateCtr                           0x2000010c   Data           4  os_var.o(.data)
    OSTCBCurPtr                              0x20000110   Data           4  os_var.o(.data)
    OSTCBHighRdyPtr                          0x20000114   Data           4  os_var.o(.data)
    OS_CPU_ExceptStkBase                     0x20000118   Data           4  os_cpu_c.o(.data)
    StartTaskTCB                             0x2000011c   Data         196  main.o(.bss)
    START_TASK_STK                           0x200001e0   Data        2048  main.o(.bss)
    Led0TaskTCB                              0x200009e0   Data         196  main.o(.bss)
    LED0_TASK_STK                            0x20000aa4   Data         512  main.o(.bss)
    Main_TaskTCB                             0x20000ca4   Data         196  main.o(.bss)
    MAIN_TASK_STK                            0x20000d68   Data         512  main.o(.bss)
    KEYTaskTCB                               0x20000f68   Data         196  main.o(.bss)
    KEY_TASK_STK                             0x2000102c   Data         512  main.o(.bss)
    LCDTaskTCB                               0x2000122c   Data         196  main.o(.bss)
    LCD_TASK_STK                             0x200012f0   Data         512  main.o(.bss)
    tmr1                                     0x200014f0   Data          52  main.o(.bss)
    KEY_Msg                                  0x20001524   Data          48  main.o(.bss)
    DATA_Msg                                 0x20001554   Data          48  main.o(.bss)
    USART_RX_BUF                             0x20001584   Data          64  usart.o(.bss)
    CPU_Name                                 0x200015c4   Data          16  cpu_core.o(.bss)
    Mem_PoolHeap                             0x200015d4   Data          72  lib_mem.o(.bss)
    Mem_Heap                                 0x2000161c   Data        3072  lib_mem.o(.bss)
    OSCfg_IdleTaskStk                        0x2000221c   Data         512  os_cfg_app.o(.bss)
    OSCfg_IntQ                               0x2000241c   Data         320  os_cfg_app.o(.bss)
    OSCfg_IntQTaskStk                        0x2000255c   Data         512  os_cfg_app.o(.bss)
    OSCfg_ISRStk                             0x2000275c   Data         512  os_cfg_app.o(.bss)
    OSCfg_MsgPool                            0x2000295c   Data        1600  os_cfg_app.o(.bss)
    OSCfg_StatTaskStk                        0x20002f9c   Data         512  os_cfg_app.o(.bss)
    OSCfg_TickTaskStk                        0x2000319c   Data         512  os_cfg_app.o(.bss)
    OSCfg_TickWheel                          0x2000339c   Data         136  os_cfg_app.o(.bss)
    OSCfg_TmrTaskStk                         0x20003424   Data         512  os_cfg_app.o(.bss)
    OSCfg_TmrWheel                           0x20003624   Data         136  os_cfg_app.o(.bss)
    OSIdleTaskTCB                            0x200036ac   Data         196  os_var.o(.bss)
    OSIntQTaskTCB                            0x20003770   Data         196  os_var.o(.bss)
    OSMsgPool                                0x20003834   Data          12  os_var.o(.bss)
    OSRdyList                                0x20003840   Data         768  os_var.o(.bss)
    OSStatTaskTCB                            0x20003b40   Data         196  os_var.o(.bss)
    OSTickTaskTCB                            0x20003c04   Data         196  os_var.o(.bss)
    OSTmrTaskTCB                             0x20003cc8   Data         196  os_var.o(.bss)
    __libspace_start                         0x20003d8c   Data          96  libspace.o(.bss)
    __temporary_stack_top$libspace           0x20003dec   Data           0  libspace.o(.bss)



==============================================================================

Memory Map of the image

  Image Entry point : 0x080000ed

  Load Region LR_IROM1 (Base: 0x08000000, Size: 0x0000f9c4, Max: 0x00020000, ABSOLUTE)

    Execution Region ER_IROM1 (Base: 0x08000000, Size: 0x0000f8a8, Max: 0x00020000, ABSOLUTE)

    Base Addr    Size         Type   Attr      Idx    E Section Name        Object

    0x08000000   0x000000ec   Data   RO          610    RESET               startup_stm32f10x_md.o
    0x080000ec   0x00000008   Code   RO         1350  * !!!main             c_w.l(__main.o)
    0x080000f4   0x00000034   Code   RO         1528    !!!scatter          c_w.l(__scatter.o)
    0x08000128   0x0000001a   Code   RO         1530    !!handler_copy      c_w.l(__scatter_copy.o)
    0x08000142   0x00000002   PAD
    0x08000144   0x0000001c   Code   RO         1532    !!handler_zi        c_w.l(__scatter_zi.o)
    0x08000160   0x00000000   Code   RO         1347    .ARM.Collect$$_printf_percent$$00000000  c_w.l(_printf_percent.o)
    0x08000160   0x00000006   Code   RO         1346    .ARM.Collect$$_printf_percent$$0000000C  c_w.l(_printf_x.o)
    0x08000166   0x00000004   Code   RO         1363    .ARM.Collect$$_printf_percent$$00000017  c_w.l(_printf_percent_end.o)
    0x0800016a   0x00000002   Code   RO         1402    .ARM.Collect$$libinit$$00000000  c_w.l(libinit.o)
    0x0800016c   0x00000000   Code   RO         1415    .ARM.Collect$$libinit$$00000002  c_w.l(libinit2.o)
    0x0800016c   0x00000000   Code   RO         1417    .ARM.Collect$$libinit$$00000004  c_w.l(libinit2.o)
    0x0800016c   0x00000000   Code   RO         1420    .ARM.Collect$$libinit$$0000000A  c_w.l(libinit2.o)
    0x0800016c   0x00000000   Code   RO         1422    .ARM.Collect$$libinit$$0000000C  c_w.l(libinit2.o)
    0x0800016c   0x00000000   Code   RO         1424    .ARM.Collect$$libinit$$0000000E  c_w.l(libinit2.o)
    0x0800016c   0x00000000   Code   RO         1427    .ARM.Collect$$libinit$$00000011  c_w.l(libinit2.o)
    0x0800016c   0x00000000   Code   RO         1429    .ARM.Collect$$libinit$$00000013  c_w.l(libinit2.o)
    0x0800016c   0x00000000   Code   RO         1431    .ARM.Collect$$libinit$$00000015  c_w.l(libinit2.o)
    0x0800016c   0x00000000   Code   RO         1433    .ARM.Collect$$libinit$$00000017  c_w.l(libinit2.o)
    0x0800016c   0x00000000   Code   RO         1435    .ARM.Collect$$libinit$$00000019  c_w.l(libinit2.o)
    0x0800016c   0x00000000   Code   RO         1437    .ARM.Collect$$libinit$$0000001B  c_w.l(libinit2.o)
    0x0800016c   0x00000000   Code   RO         1439    .ARM.Collect$$libinit$$0000001D  c_w.l(libinit2.o)
    0x0800016c   0x00000000   Code   RO         1441    .ARM.Collect$$libinit$$0000001F  c_w.l(libinit2.o)
    0x0800016c   0x00000000   Code   RO         1443    .ARM.Collect$$libinit$$00000021  c_w.l(libinit2.o)
    0x0800016c   0x00000000   Code   RO         1445    .ARM.Collect$$libinit$$00000023  c_w.l(libinit2.o)
    0x0800016c   0x00000000   Code   RO         1447    .ARM.Collect$$libinit$$00000025  c_w.l(libinit2.o)
    0x0800016c   0x00000000   Code   RO         1451    .ARM.Collect$$libinit$$0000002C  c_w.l(libinit2.o)
    0x0800016c   0x00000000   Code   RO         1453    .ARM.Collect$$libinit$$0000002E  c_w.l(libinit2.o)
    0x0800016c   0x00000000   Code   RO         1455    .ARM.Collect$$libinit$$00000030  c_w.l(libinit2.o)
    0x0800016c   0x00000000   Code   RO         1457    .ARM.Collect$$libinit$$00000032  c_w.l(libinit2.o)
    0x0800016c   0x00000002   Code   RO         1458    .ARM.Collect$$libinit$$00000033  c_w.l(libinit2.o)
    0x0800016e   0x00000002   Code   RO         1484    .ARM.Collect$$libshutdown$$00000000  c_w.l(libshutdown.o)
    0x08000170   0x00000000   Code   RO         1511    .ARM.Collect$$libshutdown$$00000002  c_w.l(libshutdown2.o)
    0x08000170   0x00000000   Code   RO         1513    .ARM.Collect$$libshutdown$$00000004  c_w.l(libshutdown2.o)
    0x08000170   0x00000000   Code   RO         1516    .ARM.Collect$$libshutdown$$00000007  c_w.l(libshutdown2.o)
    0x08000170   0x00000000   Code   RO         1519    .ARM.Collect$$libshutdown$$0000000A  c_w.l(libshutdown2.o)
    0x08000170   0x00000000   Code   RO         1521    .ARM.Collect$$libshutdown$$0000000C  c_w.l(libshutdown2.o)
    0x08000170   0x00000000   Code   RO         1524    .ARM.Collect$$libshutdown$$0000000F  c_w.l(libshutdown2.o)
    0x08000170   0x00000002   Code   RO         1525    .ARM.Collect$$libshutdown$$00000010  c_w.l(libshutdown2.o)
    0x08000172   0x00000000   Code   RO         1354    .ARM.Collect$$rtentry$$00000000  c_w.l(__rtentry.o)
    0x08000172   0x00000000   Code   RO         1365    .ARM.Collect$$rtentry$$00000002  c_w.l(__rtentry2.o)
    0x08000172   0x00000006   Code   RO         1377    .ARM.Collect$$rtentry$$00000004  c_w.l(__rtentry4.o)
    0x08000178   0x00000000   Code   RO         1367    .ARM.Collect$$rtentry$$00000009  c_w.l(__rtentry2.o)
    0x08000178   0x00000004   Code   RO         1368    .ARM.Collect$$rtentry$$0000000A  c_w.l(__rtentry2.o)
    0x0800017c   0x00000000   Code   RO         1370    .ARM.Collect$$rtentry$$0000000C  c_w.l(__rtentry2.o)
    0x0800017c   0x00000008   Code   RO         1371    .ARM.Collect$$rtentry$$0000000D  c_w.l(__rtentry2.o)
    0x08000184   0x00000002   Code   RO         1406    .ARM.Collect$$rtexit$$00000000  c_w.l(rtexit.o)
    0x08000186   0x00000000   Code   RO         1460    .ARM.Collect$$rtexit$$00000002  c_w.l(rtexit2.o)
    0x08000186   0x00000004   Code   RO         1461    .ARM.Collect$$rtexit$$00000003  c_w.l(rtexit2.o)
    0x0800018a   0x00000006   Code   RO         1462    .ARM.Collect$$rtexit$$00000004  c_w.l(rtexit2.o)
    0x08000190   0x0000068c   Code   RO            1    .text               main.o
    0x0800081c   0x00000016   Code   RO          205    .text               stm32f10x_it.o
    0x08000832   0x00000002   PAD
    0x08000834   0x000001e0   Code   RO          303    .text               system_stm32f10x.o
    0x08000a14   0x00000064   Code   RO          321    .text               led.o
    0x08000a78   0x000000e8   Code   RO          362    .text               key.o
    0x08000b60   0x00000184   Code   RO          384    .text               exti.o
    0x08000ce4   0x000000a8   Code   RO          407    .text               wdg.o
    0x08000d8c   0x00000090   Code   RO          425    .text               timer.o
    0x08000e1c   0x00002448   Code   RO          455    .text               lcd.o
    0x08003264   0x0000014c   Code   RO          490    .text               delay.o
    0x080033b0   0x00000148   Code   RO          575    .text               usart.o
    0x080034f8   0x00000040   Code   RO          611    .text               startup_stm32f10x_md.o
    0x08003538   0x000000dc   Code   RO          615    .text               misc.o
    0x08003614   0x0000011c   Code   RO          723    .text               stm32f10x_exti.o
    0x08003730   0x0000035c   Code   RO          759    .text               stm32f10x_gpio.o
    0x08003a8c   0x00000040   Code   RO          783    .text               stm32f10x_iwdg.o
    0x08003acc   0x000003a4   Code   RO          807    .text               stm32f10x_rcc.o
    0x08003e70   0x00000e1a   Code   RO          857    .text               stm32f10x_tim.o
    0x08004c8a   0x00000002   PAD
    0x08004c8c   0x00000408   Code   RO          869    .text               stm32f10x_usart.o
    0x08005094   0x00000088   Code   RO          881    .text               stm32f10x_wwdg.o
    0x0800511c   0x00000084   Code   RO          893    .text               bsp.o
    0x080051a0   0x000002a8   Code   RO          911    .text               cpu_core.o
    0x08005448   0x00000034   Code   RO          937    .text               cpu_a.o
    0x0800547c   0x00000256   Code   RO          952    .text               lib_ascii.o
    0x080056d2   0x00000002   PAD
    0x080056d4   0x000009c6   Code   RO          985    .text               lib_mem.o
    0x0800609a   0x00000002   PAD
    0x0800609c   0x00000928   Code   RO         1004    .text               lib_str.o
    0x080069c4   0x00000220   Code   RO         1021    .text               lib_mem_a.o
    0x08006be4   0x00000002   Code   RO         1024    .text               os_cfg_app.o
    0x08006be6   0x00000002   PAD
    0x08006be8   0x00000e04   Code   RO         1047    .text               os_core.o
    0x080079ec   0x000001b4   Code   RO         1059    .text               os_dbg.o
    0x08007ba0   0x00000e28   Code   RO         1074    .text               os_flag.o
    0x080089c8   0x00000444   Code   RO         1086    .text               os_int.o
    0x08008e0c   0x00000238   Code   RO         1098    .text               os_mem.o
    0x08009044   0x00000228   Code   RO         1110    .text               os_msg.o
    0x0800926c   0x00000ad4   Code   RO         1122    .text               os_mutex.o
    0x08009d40   0x0000007c   Code   RO         1140    .text               os_prio.o
    0x08009dbc   0x000008d8   Code   RO         1159    .text               os_q.o
    0x0800a694   0x00000830   Code   RO         1171    .text               os_sem.o
    0x0800aec4   0x00000638   Code   RO         1183    .text               os_stat.o
    0x0800b4fc   0x00001bb4   Code   RO         1195    .text               os_task.o
    0x0800d0b0   0x000004fc   Code   RO         1207    .text               os_tick.o
    0x0800d5ac   0x00000564   Code   RO         1219    .text               os_time.o
    0x0800db10   0x00000834   Code   RO         1231    .text               os_tmr.o
    0x0800e344   0x0000026c   Code   RO         1260    .text               os_cpu_c.o
    0x0800e5b0   0x00000002   Code   RO         1295    .text               c_w.l(use_no_semi_2.o)
    0x0800e5b2   0x000000ee   Code   RO         1297    .text               c_w.l(lludivv7m.o)
    0x0800e6a0   0x00000018   Code   RO         1301    .text               c_w.l(noretval__2printf.o)
    0x0800e6b8   0x00000068   Code   RO         1303    .text               c_w.l(__printf.o)
    0x0800e720   0x00000058   Code   RO         1308    .text               c_w.l(_printf_hex_int.o)
    0x0800e778   0x00000006   Code   RO         1348    .text               c_w.l(heapauxi.o)
    0x0800e77e   0x00000002   Code   RO         1352    .text               c_w.l(use_no_semi.o)
    0x0800e780   0x000000b2   Code   RO         1359    .text               c_w.l(_printf_intcommon.o)
    0x0800e832   0x00000002   PAD
    0x0800e834   0x00000024   Code   RO         1361    .text               c_w.l(_printf_char_file.o)
    0x0800e858   0x00000030   Code   RO         1381    .text               c_w.l(_printf_char_common.o)
    0x0800e888   0x00000008   Code   RO         1383    .text               c_w.l(ferror.o)
    0x0800e890   0x0000004a   Code   RO         1387    .text               c_w.l(sys_stackheap_outer.o)
    0x0800e8da   0x00000012   Code   RO         1391    .text               c_w.l(exit.o)
    0x0800e8ec   0x00000008   Code   RO         1403    .text               c_w.l(libspace.o)
    0x0800e8f4   0x00000098   Code   RO         1257    CODE                os_cpu_a.o
    0x0800e98c   0x000000cc   Code   RO          468    i.LCD_SetCursor     lcd.o
    0x0800ea58   0x00000a64   Data   RO          456    .constdata          lcd.o
    0x0800f4bc   0x00000100   Data   RO          913    .constdata          cpu_core.o
    0x0800f5bc   0x00000094   Data   RO         1005    .constdata          lib_str.o
    0x0800f650   0x000000a4   Data   RO         1026    .constdata          os_cfg_app.o
    0x0800f6f4   0x0000016c   Data   RO         1060    .constdata          os_dbg.o
    0x0800f860   0x00000028   Data   RO         1309    .constdata          c_w.l(_printf_hex_int.o)
    0x0800f888   0x00000020   Data   RO         1526    Region$$Table       anon$$obj.o


    Execution Region RW_IRAM1 (Base: 0x20000000, Size: 0x000043f0, Max: 0x00005000, ABSOLUTE)

    Base Addr    Size         Type   Attr      Idx    E Section Name        Object

    0x20000000   0x00000002   Data   RW            3    .data               main.o
    0x20000002   0x00000002   PAD
    0x20000004   0x00000014   Data   RW          304    .data               system_stm32f10x.o
    0x20000018   0x00000001   Data   RW          363    .data               key.o
    0x20000019   0x00000001   PAD
    0x2000001a   0x00000006   Data   RW          457    .data               lcd.o
    0x20000020   0x00000004   Data   RW          491    .data               delay.o
    0x20000024   0x00000005   Data   RW          577    .data               usart.o
    0x20000029   0x00000014   Data   RW          808    .data               stm32f10x_rcc.o
    0x2000003d   0x00000003   PAD
    0x20000040   0x00000004   Data   RW          914    .data               cpu_core.o
    0x20000044   0x00000004   Data   RW          987    .data               lib_mem.o
    0x20000048   0x00000008   Data   RW         1141    .data               os_prio.o
    0x20000050   0x000000c8   Data   RW         1244    .data               os_var.o
    0x20000118   0x00000004   Data   RW         1261    .data               os_cpu_c.o
    0x2000011c   0x00001468   Zero   RW            2    .bss                main.o
    0x20001584   0x00000040   Zero   RW          576    .bss                usart.o
    0x200015c4   0x00000010   Zero   RW          912    .bss                cpu_core.o
    0x200015d4   0x00000c48   Zero   RW          986    .bss                lib_mem.o
    0x2000221c   0x00001490   Zero   RW         1025    .bss                os_cfg_app.o
    0x200036ac   0x000006e0   Zero   RW         1243    .bss                os_var.o
    0x20003d8c   0x00000060   Zero   RW         1404    .bss                c_w.l(libspace.o)
    0x20003dec   0x00000004   PAD
    0x20003df0   0x00000200   Zero   RW          609    HEAP                startup_stm32f10x_md.o
    0x20003ff0   0x00000400   Zero   RW          608    STACK               startup_stm32f10x_md.o


==============================================================================

Image component sizes


      Code (inc. data)   RO Data    RW Data    ZI Data      Debug   Object Name

       132         12          0          0          0       1175   bsp.o
        52          0          0          0          0        360   cpu_a.o
       680         14        256          4         16      14472   cpu_core.o
       332         28          0          4          0      42089   delay.o
       388         20          0          0          0       1007   exti.o
       232         20          0          1          0        812   key.o
      9492        158       2660          6          0      13672   lcd.o
       100          8          0          0          0     206175   led.o
       598          0          0          0          0       3912   lib_ascii.o
      2502         32          0          4       3144      22328   lib_mem.o
       544          0          0          0          0        508   lib_mem_a.o
      2344          4        148          0          0      13878   lib_str.o
      1676        326          0          2       5224     239663   main.o
       220         22          0          0          0       1849   misc.o
         2          0        164          0       5264      20914   os_cfg_app.o
      3588        294          0          0          0      12513   os_core.o
       152         32          0          0          0        416   os_cpu_a.o
       620         66          0          4          0       3961   os_cpu_c.o
       436        286        364          0          0       4857   os_dbg.o
      3624        110          0          0          0       8095   os_flag.o
      1092        146          0          0          0       2400   os_int.o
       568         20          0          0          0       2824   os_mem.o
       552         14          0          0          0       2722   os_msg.o
      2772        114          0          0          0       5630   os_mutex.o
       124          4          0          8          0       1828   os_prio.o
      2264         76          0          0          0       6392   os_q.o
      2096         70          0          0          0       6412   os_sem.o
      1592        180          0          0          0       2921   os_stat.o
      7092        270          0          0          0      14238   os_task.o
      1276         90          0          0          0       3349   os_tick.o
      1380         46          0          0          0       3353   os_time.o
      2100        138          0          0          0       6762   os_tmr.o
         0          0          0        200       1760      19405   os_var.o
        64         26        236          0       1536        816   startup_stm32f10x_md.o
       284         10          0          0          0       2303   stm32f10x_exti.o
       860         38          0          0          0       5781   stm32f10x_gpio.o
        22          0          0          0          0      44631   stm32f10x_it.o
        64          6          0          0          0       1301   stm32f10x_iwdg.o
       932         36          0         20          0       8984   stm32f10x_rcc.o
      3610         88          0          0          0      22888   stm32f10x_tim.o
      1032         22          0          0          0       8508   stm32f10x_usart.o
       136         10          0          0          0       2344   stm32f10x_wwdg.o
         0          0          0          0          0         32   sys.o
       480         38          0         20          0       1815   system_stm32f10x.o
       144          8          0          0          0        810   timer.o
       328         16          0          5         64       3298   usart.o
       168          6          0          0          0       1424   wdg.o

    ----------------------------------------------------------------------
     58756       2904       3860        284      17008     795827   Object Totals
         0          0         32          0          0          0   (incl. Generated)
        10          0          0          6          0          0   (incl. Padding)

    ----------------------------------------------------------------------

      Code (inc. data)   RO Data    RW Data    ZI Data      Debug   Library Member Name

         8          0          0          0          0         68   __main.o
       104          0          0          0          0         84   __printf.o
         0          0          0          0          0          0   __rtentry.o
        12          0          0          0          0          0   __rtentry2.o
         6          0          0          0          0          0   __rtentry4.o
        52          8          0          0          0          0   __scatter.o
        26          0          0          0          0          0   __scatter_copy.o
        28          0          0          0          0          0   __scatter_zi.o
        48          6          0          0          0         96   _printf_char_common.o
        36          4          0          0          0         80   _printf_char_file.o
        88          4         40          0          0         88   _printf_hex_int.o
       178          0          0          0          0         88   _printf_intcommon.o
         0          0          0          0          0          0   _printf_percent.o
         4          0          0          0          0          0   _printf_percent_end.o
         6          0          0          0          0          0   _printf_x.o
        18          0          0          0          0         80   exit.o
         8          0          0          0          0         68   ferror.o
         6          0          0          0          0        152   heapauxi.o
         2          0          0          0          0          0   libinit.o
         2          0          0          0          0          0   libinit2.o
         2          0          0          0          0          0   libshutdown.o
         2          0          0          0          0          0   libshutdown2.o
         8          4          0          0         96         68   libspace.o
       238          0          0          0          0        100   lludivv7m.o
        24          4          0          0          0         84   noretval__2printf.o
         2          0          0          0          0          0   rtexit.o
        10          0          0          0          0          0   rtexit2.o
        74          0          0          0          0         80   sys_stackheap_outer.o
         2          0          0          0          0         68   use_no_semi.o
         2          0          0          0          0         68   use_no_semi_2.o

    ----------------------------------------------------------------------
      1000         30         40          0        100       1272   Library Totals
         4          0          0          0          4          0   (incl. Padding)

    ----------------------------------------------------------------------

      Code (inc. data)   RO Data    RW Data    ZI Data      Debug   Library Name

       996         30         40          0         96       1272   c_w.l

    ----------------------------------------------------------------------
      1000         30         40          0        100       1272   Library Totals

    ----------------------------------------------------------------------

==============================================================================


      Code (inc. data)   RO Data    RW Data    ZI Data      Debug   

     59756       2934       3900        284      17108     792415   Grand Totals
     59756       2934       3900        284      17108     792415   ELF Image Totals
     59756       2934       3900        284          0          0   ROM Totals

==============================================================================

    Total RO  Size (Code + RO Data)                63656 (  62.16kB)
    Total RW  Size (RW Data + ZI Data)             17392 (  16.98kB)
    Total ROM Size (Code + RO Data + RW Data)      63940 (  62.44kB)

==============================================================================

